Archive member included to satisfy reference by file (symbol)

c:/program files (x86)/atmel/studio/7.0/toolchain/arm/arm-gnu-toolchain/bin/../lib/gcc/arm-none-eabi/5.3.1/armv6-m\libgcc.a(_udivsi3.o)
                              src/ASF/common2/services/delay/sam0/systick_counter.o (__aeabi_uidiv)
c:/program files (x86)/atmel/studio/7.0/toolchain/arm/arm-gnu-toolchain/bin/../lib/gcc/arm-none-eabi/5.3.1/armv6-m\libgcc.a(_divsi3.o)
                              src/ASF/sam0/drivers/usb/stack_interface/usb_device_udd.o (__aeabi_idivmod)
c:/program files (x86)/atmel/studio/7.0/toolchain/arm/arm-gnu-toolchain/bin/../lib/gcc/arm-none-eabi/5.3.1/armv6-m\libgcc.a(_dvmd_tls.o)
                              c:/program files (x86)/atmel/studio/7.0/toolchain/arm/arm-gnu-toolchain/bin/../lib/gcc/arm-none-eabi/5.3.1/armv6-m\libgcc.a(_udivsi3.o) (__aeabi_idiv0)
c:/program files (x86)/atmel/studio/7.0/toolchain/arm/arm-gnu-toolchain/bin/../lib/gcc/arm-none-eabi/5.3.1/armv6-m\libgcc.a(_clzsi2.o)
                              src/ASF/sam0/drivers/usb/usb_sam_l/usb.o (__clzsi2)
c:/program files (x86)/atmel/studio/7.0/toolchain/arm/arm-gnu-toolchain/bin/../lib/gcc/arm-none-eabi/5.3.1/armv6-m\libgcc.a(_ctzsi2.o)
                              src/ASF/sam0/drivers/usb/usb_sam_l/usb.o (__ctzsi2)
c:/program files (x86)/atmel/studio/7.0/toolchain/arm/arm-gnu-toolchain/bin/../lib/gcc/arm-none-eabi/5.3.1/../../../../arm-none-eabi/lib/armv6-m\libc_nano.a(lib_a-exit.o)
                              c:/program files (x86)/atmel/studio/7.0/toolchain/arm/arm-gnu-toolchain/bin/../lib/gcc/arm-none-eabi/5.3.1/../../../../arm-none-eabi/lib/armv6-m/crt0.o (exit)
c:/program files (x86)/atmel/studio/7.0/toolchain/arm/arm-gnu-toolchain/bin/../lib/gcc/arm-none-eabi/5.3.1/../../../../arm-none-eabi/lib/armv6-m\libc_nano.a(lib_a-impure.o)
                              c:/program files (x86)/atmel/studio/7.0/toolchain/arm/arm-gnu-toolchain/bin/../lib/gcc/arm-none-eabi/5.3.1/../../../../arm-none-eabi/lib/armv6-m\libc_nano.a(lib_a-exit.o) (_global_impure_ptr)
c:/program files (x86)/atmel/studio/7.0/toolchain/arm/arm-gnu-toolchain/bin/../lib/gcc/arm-none-eabi/5.3.1/../../../../arm-none-eabi/lib/armv6-m\libc_nano.a(lib_a-init.o)
                              c:/program files (x86)/atmel/studio/7.0/toolchain/arm/arm-gnu-toolchain/bin/../lib/gcc/arm-none-eabi/5.3.1/../../../../arm-none-eabi/lib/armv6-m/crt0.o (__libc_init_array)
c:/program files (x86)/atmel/studio/7.0/toolchain/arm/arm-gnu-toolchain/bin/../lib/gcc/arm-none-eabi/5.3.1/../../../../arm-none-eabi/lib/armv6-m\libc_nano.a(lib_a-memcpy-stub.o)
                              src/ASF/common/services/usb/class/cdc/device/udi_cdc.o (memcpy)
c:/program files (x86)/atmel/studio/7.0/toolchain/arm/arm-gnu-toolchain/bin/../lib/gcc/arm-none-eabi/5.3.1/../../../../arm-none-eabi/lib/armv6-m\libc_nano.a(lib_a-memset.o)
                              c:/program files (x86)/atmel/studio/7.0/toolchain/arm/arm-gnu-toolchain/bin/../lib/gcc/arm-none-eabi/5.3.1/../../../../arm-none-eabi/lib/armv6-m/crt0.o (memset)

Allocating common symbols
Common symbol       size              file

udd_ep_out_cache_buffer
                    0xc0              src/ASF/sam0/drivers/usb/stack_interface/usb_device_udd.o
usb_descriptor_table
                    0x100             src/ASF/sam0/drivers/usb/usb_sam_l/usb.o
usb_device          0x168             src/ASF/sam0/drivers/usb/stack_interface/usb_device_udd.o
_extint_dev         0x40              src/ASF/sam0/drivers/extint/extint_sam_l_c/extint.o
udd_g_ctrlreq       0x18              src/ASF/sam0/drivers/usb/stack_interface/usb_device_udd.o
_current_channel    0x1               src/ASF/sam0/drivers/extint/extint_callback.o
sleepmgr_locks      0x5               src/ASF/common/services/sleepmgr/saml/sleepmgr.o
udd_ctrl_buffer     0x40              src/ASF/sam0/drivers/usb/stack_interface/usb_device_udd.o

Discarded input sections

 .text          0x00000000        0x0 c:/program files (x86)/atmel/studio/7.0/toolchain/arm/arm-gnu-toolchain/bin/../lib/gcc/arm-none-eabi/5.3.1/armv6-m/crti.o
 .data          0x00000000        0x0 c:/program files (x86)/atmel/studio/7.0/toolchain/arm/arm-gnu-toolchain/bin/../lib/gcc/arm-none-eabi/5.3.1/armv6-m/crti.o
 .bss           0x00000000        0x0 c:/program files (x86)/atmel/studio/7.0/toolchain/arm/arm-gnu-toolchain/bin/../lib/gcc/arm-none-eabi/5.3.1/armv6-m/crti.o
 .data          0x00000000        0x4 c:/program files (x86)/atmel/studio/7.0/toolchain/arm/arm-gnu-toolchain/bin/../lib/gcc/arm-none-eabi/5.3.1/armv6-m/crtbegin.o
 .text          0x00000000       0x78 c:/program files (x86)/atmel/studio/7.0/toolchain/arm/arm-gnu-toolchain/bin/../lib/gcc/arm-none-eabi/5.3.1/../../../../arm-none-eabi/lib/armv6-m/crt0.o
 .data          0x00000000        0x0 c:/program files (x86)/atmel/studio/7.0/toolchain/arm/arm-gnu-toolchain/bin/../lib/gcc/arm-none-eabi/5.3.1/../../../../arm-none-eabi/lib/armv6-m/crt0.o
[...]
Memory Configuration

Name             Origin             Length             Attributes
rom              0x00000000         0x00040000         xr
ram              0x20000000         0x00008000         xrw
lpram            0x30000000         0x00002000         xrw
*default*        0x00000000         0xffffffff

Linker script and memory map

LOAD c:/program files (x86)/atmel/studio/7.0/toolchain/arm/arm-gnu-toolchain/bin/../lib/gcc/arm-none-eabi/5.3.1/armv6-m/crti.o
LOAD c:/program files (x86)/atmel/studio/7.0/toolchain/arm/arm-gnu-toolchain/bin/../lib/gcc/arm-none-eabi/5.3.1/armv6-m/crtbegin.o
LOAD c:/program files (x86)/atmel/studio/7.0/toolchain/arm/arm-gnu-toolchain/bin/../lib/gcc/arm-none-eabi/5.3.1/../../../../arm-none-eabi/lib/armv6-m/crt0.o
LOAD src/ASF/common2/services/delay/sam0/systick_counter.o
LOAD src/ASF/common/services/sleepmgr/saml/sleepmgr.o
LOAD src/ASF/common/services/usb/class/cdc/device/udi_cdc.o
LOAD src/ASF/common/services/usb/class/cdc/device/udi_cdc_desc.o
LOAD src/ASF/common/services/usb/udc/udc.o
LOAD src/ASF/common/utils/interrupt/interrupt_sam_nvic.o
LOAD src/ASF/sam0/boards/saml21_xplained_pro_b/board_init.o
LOAD src/ASF/sam0/drivers/extint/extint_callback.o
LOAD src/ASF/sam0/drivers/extint/extint_sam_l_c/extint.o
LOAD src/ASF/sam0/drivers/port/port.o
LOAD src/ASF/sam0/drivers/system/clock/clock_saml21/clock.o
LOAD src/ASF/sam0/drivers/system/clock/clock_saml21/gclk.o
LOAD src/ASF/sam0/drivers/system/interrupt/system_interrupt.o
LOAD src/ASF/sam0/drivers/system/pinmux/pinmux.o
LOAD src/ASF/sam0/drivers/system/system.o
LOAD src/ASF/sam0/drivers/usb/stack_interface/usb_device_udd.o
LOAD src/ASF/sam0/drivers/usb/stack_interface/usb_dual.o
LOAD src/ASF/sam0/drivers/usb/usb_sam_l/usb.o
LOAD src/ASF/sam0/utils/cmsis/saml21/source/gcc/startup_saml21.o
LOAD src/ASF/sam0/utils/cmsis/saml21/source/system_saml21.o
LOAD src/ASF/sam0/utils/syscalls/gcc/syscalls.o
LOAD src/main.o
START GROUP
LOAD ../src/ASF/thirdparty/CMSIS/Lib/GCC\libarm_cortexM0l_math.a
LOAD c:/program files (x86)/atmel/studio/7.0/toolchain/arm/arm-gnu-toolchain/bin/../lib/gcc/arm-none-eabi/5.3.1/../../../../arm-none-eabi/lib/armv6-m\libm.a
END GROUP
START GROUP
LOAD c:/program files (x86)/atmel/studio/7.0/toolchain/arm/arm-gnu-toolchain/bin/../lib/gcc/arm-none-eabi/5.3.1/armv6-m\libgcc.a
LOAD c:/program files (x86)/atmel/studio/7.0/toolchain/arm/arm-gnu-toolchain/bin/../lib/gcc/arm-none-eabi/5.3.1/../../../../arm-none-eabi/lib/armv6-m\libc_nano.a
END GROUP
START GROUP
LOAD c:/program files (x86)/atmel/studio/7.0/toolchain/arm/arm-gnu-toolchain/bin/../lib/gcc/arm-none-eabi/5.3.1/armv6-m\libgcc.a
LOAD c:/program files (x86)/atmel/studio/7.0/toolchain/arm/arm-gnu-toolchain/bin/../lib/gcc/arm-none-eabi/5.3.1/../../../../arm-none-eabi/lib/armv6-m\libc_nano.a
END GROUP
LOAD c:/program files (x86)/atmel/studio/7.0/toolchain/arm/arm-gnu-toolchain/bin/../lib/gcc/arm-none-eabi/5.3.1/armv6-m/crtend.o
LOAD c:/program files (x86)/atmel/studio/7.0/toolchain/arm/arm-gnu-toolchain/bin/../lib/gcc/arm-none-eabi/5.3.1/armv6-m/crtn.o
                0x00002000                STACK_SIZE = DEFINED (STACK_SIZE)?STACK_SIZE:DEFINED (__stack_size__)?__stack_size__:0x2000

.text           0x00000000     0x116c
                0x00000000                . = ALIGN (0x4)
                0x00000000                _sfixed = .
 *(.vectors .vectors.*)
 .vectors       0x00000000       0xb4 src/ASF/sam0/utils/cmsis/saml21/source/gcc/startup_saml21.o
                0x00000000                exception_table
 *(.text .text.* .gnu.linkonce.t.*)
 .text          0x000000b4       0x60 c:/program files (x86)/atmel/studio/7.0/toolchain/arm/arm-gnu-toolchain/bin/../lib/gcc/arm-none-eabi/5.3.1/armv6-m/crtbegin.o
 .text.delay_init
                0x00000114       0x40 src/ASF/common2/services/delay/sam0/systick_counter.o
                0x00000114                delay_init
 .text.cpu_irq_enter_critical
                0x00000154       0x40 src/ASF/common/utils/interrupt/interrupt_sam_nvic.o
                0x00000154                cpu_irq_enter_critical
 .text.cpu_irq_leave_critical
                0x00000194       0x30 src/ASF/common/utils/interrupt/interrupt_sam_nvic.o
                0x00000194                cpu_irq_leave_critical
 .text.system_board_init
                0x000001c4       0x38 src/ASF/sam0/boards/saml21_xplained_pro_b/board_init.o
                0x000001c4                board_init
                0x000001c4                system_board_init
 .text.EIC_Handler
                0x000001fc       0x68 src/ASF/sam0/drivers/extint/extint_callback.o
                0x000001fc                EIC_Handler
 .text._extint_enable
                0x00000264       0x20 src/ASF/sam0/drivers/extint/extint_sam_l_c/extint.o
 .text._system_extint_init
                0x00000284       0x84 src/ASF/sam0/drivers/extint/extint_sam_l_c/extint.o
                0x00000284                _system_extint_init
 .text.port_pin_set_config
                0x00000308       0x24 src/ASF/sam0/drivers/port/port.o
                0x00000308                port_pin_set_config
 .text.system_clock_source_get_hz
                0x0000032c       0x94 src/ASF/sam0/drivers/system/clock/clock_saml21/clock.o
                0x0000032c                system_clock_source_get_hz
 .text.system_clock_init
                0x000003c0       0xf0 src/ASF/sam0/drivers/system/clock/clock_saml21/clock.o
                0x000003c0                system_clock_init
 .text.system_gclk_init
                0x000004b0       0x24 src/ASF/sam0/drivers/system/clock/clock_saml21/gclk.o
                0x000004b0                system_gclk_init
 .text.system_gclk_gen_set_config
                0x000004d4       0xac src/ASF/sam0/drivers/system/clock/clock_saml21/gclk.o
                0x000004d4                system_gclk_gen_set_config
 .text.system_gclk_gen_enable
                0x00000580       0x40 src/ASF/sam0/drivers/system/clock/clock_saml21/gclk.o
                0x00000580                system_gclk_gen_enable
 .text.system_gclk_gen_get_hz
                0x000005c0       0x6c src/ASF/sam0/drivers/system/clock/clock_saml21/gclk.o
                0x000005c0                system_gclk_gen_get_hz
 .text.system_gclk_chan_enable
                0x0000062c       0x38 src/ASF/sam0/drivers/system/clock/clock_saml21/gclk.o
                0x0000062c                system_gclk_chan_enable
 .text.system_gclk_chan_disable
                0x00000664       0x38 src/ASF/sam0/drivers/system/clock/clock_saml21/gclk.o
                0x00000664                system_gclk_chan_disable
 .text.system_gclk_chan_set_config
                0x0000069c       0x24 src/ASF/sam0/drivers/system/clock/clock_saml21/gclk.o
                0x0000069c                system_gclk_chan_set_config
 .text.system_gclk_chan_get_hz
                0x000006c0       0x30 src/ASF/sam0/drivers/system/clock/clock_saml21/gclk.o
                0x000006c0                system_gclk_chan_get_hz
 .text._system_pinmux_config
                0x000006f0       0xa8 src/ASF/sam0/drivers/system/pinmux/pinmux.o
 .text.system_pinmux_pin_set_config
                0x00000798       0x30 src/ASF/sam0/drivers/system/pinmux/pinmux.o
                0x00000798                system_pinmux_pin_set_config
 .text._system_dummy_init
                0x000007c8        0x4 src/ASF/sam0/drivers/system/system.o
                0x000007c8                _system_events_init
                0x000007c8                _system_dummy_init
                0x000007c8                _system_divas_init
 .text.system_init
                0x000007cc       0x2c src/ASF/sam0/drivers/system/system.o
                0x000007cc                system_init
 .text.USB_Handler
                0x000007f8      0x5a0 src/ASF/sam0/drivers/usb/usb_sam_l/usb.o
                0x000007f8                USB_Handler
 .text.Dummy_Handler
                0x00000d98        0x4 src/ASF/sam0/utils/cmsis/saml21/source/gcc/startup_saml21.o
                0x00000d98                DMAC_Handler
                0x00000d98                TRNG_Handler
                0x00000d98                HardFault_Handler
                0x00000d98                TC2_Handler
                0x00000d98                AC_Handler
                0x00000d98                SysTick_Handler
                0x00000d98                PendSV_Handler
                0x00000d98                NMI_Handler
                0x00000d98                SERCOM1_Handler
                0x00000d98                ADC_Handler
                0x00000d98                TCC1_Handler
                0x00000d98                SERCOM2_Handler
                0x00000d98                TCC0_Handler
                0x00000d98                RTC_Handler
                0x00000d98                WDT_Handler
                0x00000d98                TC4_Handler
                0x00000d98                TC1_Handler
                0x00000d98                TC3_Handler
                0x00000d98                Dummy_Handler
                0x00000d98                SERCOM5_Handler
                0x00000d98                SVC_Handler
                0x00000d98                TCC2_Handler
                0x00000d98                EVSYS_Handler
                0x00000d98                SERCOM3_Handler
                0x00000d98                SERCOM4_Handler
                0x00000d98                NVMCTRL_Handler
                0x00000d98                SYSTEM_Handler
                0x00000d98                SERCOM0_Handler
                0x00000d98                DAC_Handler
                0x00000d98                PTC_Handler
                0x00000d98                TC0_Handler
                0x00000d98                AES_Handler
 .text.Reset_Handler
                0x00000d9c       0xa8 src/ASF/sam0/utils/cmsis/saml21/source/gcc/startup_saml21.o
                0x00000d9c                Reset_Handler
 .text.main     0x00000e44      0x130 src/main.o
                0x00000e44                main
 .text          0x00000f74      0x114 c:/program files (x86)/atmel/studio/7.0/toolchain/arm/arm-gnu-toolchain/bin/../lib/gcc/arm-none-eabi/5.3.1/armv6-m\libgcc.a(_udivsi3.o)
                0x00000f74                __aeabi_uidiv
                0x00000f74                __udivsi3
                0x00001080                __aeabi_uidivmod
 .text          0x00001088        0x4 c:/program files (x86)/atmel/studio/7.0/toolchain/arm/arm-gnu-toolchain/bin/../lib/gcc/arm-none-eabi/5.3.1/armv6-m\libgcc.a(_dvmd_tls.o)
                0x00001088                __aeabi_idiv0
                0x00001088                __aeabi_ldiv0
 .text          0x0000108c       0x40 c:/program files (x86)/atmel/studio/7.0/toolchain/arm/arm-gnu-toolchain/bin/../lib/gcc/arm-none-eabi/5.3.1/armv6-m\libgcc.a(_ctzsi2.o)
                0x0000108c                __ctzsi2
 .text.__libc_init_array
                0x000010cc       0x4c c:/program files (x86)/atmel/studio/7.0/toolchain/arm/arm-gnu-toolchain/bin/../lib/gcc/arm-none-eabi/5.3.1/../../../../arm-none-eabi/lib/armv6-m\libc_nano.a(lib_a-init.o)
                0x000010cc                __libc_init_array
 *(.glue_7t)
 .glue_7t       0x00001118        0x0 linker stubs
 *(.glue_7)
 .glue_7        0x00001118        0x0 linker stubs
 *(.rodata .rodata* .gnu.linkonce.r.*)
 .rodata.system_clock_source_get_hz
                0x00001118       0x24 src/ASF/sam0/drivers/system/clock/clock_saml21/clock.o
 .rodata._usb_device_irq_bits
                0x0000113c        0xe src/ASF/sam0/drivers/usb/usb_sam_l/usb.o
 *(.ARM.extab* .gnu.linkonce.armextab.*)
                0x0000114c                . = ALIGN (0x4)
 *fill*         0x0000114a        0x2 
 *(.init)
 .init          0x0000114c        0x4 c:/program files (x86)/atmel/studio/7.0/toolchain/arm/arm-gnu-toolchain/bin/../lib/gcc/arm-none-eabi/5.3.1/armv6-m/crti.o
                0x0000114c                _init
 .init          0x00001150        0x8 c:/program files (x86)/atmel/studio/7.0/toolchain/arm/arm-gnu-toolchain/bin/../lib/gcc/arm-none-eabi/5.3.1/armv6-m/crtn.o
                0x00001158                . = ALIGN (0x4)
                0x00001158                __preinit_array_start = .
 *(.preinit_array)
                0x00001158                __preinit_array_end = .
                0x00001158                . = ALIGN (0x4)
                0x00001158                __init_array_start = .
 *(SORT(.init_array.*))
 *(.init_array)
 .init_array    0x00001158        0x4 c:/program files (x86)/atmel/studio/7.0/toolchain/arm/arm-gnu-toolchain/bin/../lib/gcc/arm-none-eabi/5.3.1/armv6-m/crtbegin.o
                0x0000115c                __init_array_end = .
                0x0000115c                . = ALIGN (0x4)
 *crtbegin.o(.ctors)
 *(EXCLUDE_FILE(*crtend.o) .ctors)
 *(SORT(.ctors.*))
 *crtend.o(.ctors)
                0x0000115c                . = ALIGN (0x4)
 *(.fini)
 .fini          0x0000115c        0x4 c:/program files (x86)/atmel/studio/7.0/toolchain/arm/arm-gnu-toolchain/bin/../lib/gcc/arm-none-eabi/5.3.1/armv6-m/crti.o
                0x0000115c                _fini
 .fini          0x00001160        0x8 c:/program files (x86)/atmel/studio/7.0/toolchain/arm/arm-gnu-toolchain/bin/../lib/gcc/arm-none-eabi/5.3.1/armv6-m/crtn.o
                0x00001168                . = ALIGN (0x4)
                0x00001168                __fini_array_start = .
 *(.fini_array)
 .fini_array    0x00001168        0x4 c:/program files (x86)/atmel/studio/7.0/toolchain/arm/arm-gnu-toolchain/bin/../lib/gcc/arm-none-eabi/5.3.1/armv6-m/crtbegin.o
 *(SORT(.fini_array.*))
                0x0000116c                __fini_array_end = .
 *crtbegin.o(.dtors)
 *(EXCLUDE_FILE(*crtend.o) .dtors)
 *(SORT(.dtors.*))
 *crtend.o(.dtors)
                0x0000116c                . = ALIGN (0x4)
                0x0000116c                _efixed = .
                [!provide]                PROVIDE (__exidx_start, .)

.vfp11_veneer   0x0000116c        0x0
 .vfp11_veneer  0x0000116c        0x0 linker stubs

.v4_bx          0x0000116c        0x0
 .v4_bx         0x0000116c        0x0 linker stubs

.iplt           0x0000116c        0x0
 .iplt          0x0000116c        0x0 c:/program files (x86)/atmel/studio/7.0/toolchain/arm/arm-gnu-toolchain/bin/../lib/gcc/arm-none-eabi/5.3.1/armv6-m/crtbegin.o

.eh_frame       0x0000116c        0x0
 .eh_frame      0x0000116c        0x0 c:/program files (x86)/atmel/studio/7.0/toolchain/arm/arm-gnu-toolchain/bin/../lib/gcc/arm-none-eabi/5.3.1/armv6-m/crtbegin.o

.rel.dyn        0x0000116c        0x0
 .rel.iplt      0x0000116c        0x0 c:/program files (x86)/atmel/studio/7.0/toolchain/arm/arm-gnu-toolchain/bin/../lib/gcc/arm-none-eabi/5.3.1/armv6-m/crtbegin.o

.jcr            0x0000116c        0x0
 .jcr           0x0000116c        0x0 c:/program files (x86)/atmel/studio/7.0/toolchain/arm/arm-gnu-toolchain/bin/../lib/gcc/arm-none-eabi/5.3.1/armv6-m/crtbegin.o

.igot.plt       0x0000116c        0x0
 .igot.plt      0x0000116c        0x0 c:/program files (x86)/atmel/studio/7.0/toolchain/arm/arm-gnu-toolchain/bin/../lib/gcc/arm-none-eabi/5.3.1/armv6-m/crtbegin.o

.ARM.exidx
 *(.ARM.exidx* .gnu.linkonce.armexidx.*)
                [!provide]                PROVIDE (__exidx_end, .)
                0x0000116c                . = ALIGN (0x4)
                0x0000116c                _etext = .

.relocate       0x20000000        0xc load address 0x0000116c
                0x20000000                . = ALIGN (0x4)
                0x20000000                _srelocate = .
 *(.ramfunc .ramfunc.*)
 *(.data .data.*)
 .data.cycles_per_us
                0x20000000        0x4 src/ASF/common2/services/delay/sam0/systick_counter.o
 .data.cycles_per_ms
                0x20000004        0x4 src/ASF/common2/services/delay/sam0/systick_counter.o
 .data.g_interrupt_enabled
                0x20000008        0x1 src/ASF/common/utils/interrupt/interrupt_sam_nvic.o
                0x20000008                g_interrupt_enabled
                0x2000000c                . = ALIGN (0x4)
 *fill*         0x20000009        0x3 
                0x2000000c                _erelocate = .

.lpram          0x30000000        0x0
                0x30000000                . = ALIGN (0x8)
                0x30000000                _slpram = .
 *(.lpram .lpram.*)
                0x30000000                . = ALIGN (0x8)
                0x30000000                _elpram = .

.bss            0x2000000c      0x19c load address 0x00001178
                0x2000000c                . = ALIGN (0x4)
                0x2000000c                _sbss = .
                0x2000000c                _szero = .
 *(.bss .bss.*)
 .bss           0x2000000c       0x1c c:/program files (x86)/atmel/studio/7.0/toolchain/arm/arm-gnu-toolchain/bin/../lib/gcc/arm-none-eabi/5.3.1/armv6-m/crtbegin.o
 .bss.cpu_irq_critical_section_counter
                0x20000028        0x4 src/ASF/common/utils/interrupt/interrupt_sam_nvic.o
 .bss.cpu_irq_prev_interrupt_state
                0x2000002c        0x1 src/ASF/common/utils/interrupt/interrupt_sam_nvic.o
 *fill*         0x2000002d        0x3 
 .bss._system_clock_inst
                0x20000030       0x18 src/ASF/sam0/drivers/system/clock/clock_saml21/clock.o
 .bss.device_callback_lpm_wakeup_enable
                0x20000048        0x4 src/ASF/sam0/drivers/usb/usb_sam_l/usb.o
 .bss.pipe_callback_para
                0x2000004c        0x6 src/ASF/sam0/drivers/usb/usb_sam_l/usb.o
 *fill*         0x20000052        0x2 
 .bss.host_pipe_job_busy_status
                0x20000054        0x4 src/ASF/sam0/drivers/usb/usb_sam_l/usb.o
                0x20000054                host_pipe_job_busy_status
 .bss.ep_callback_para
                0x20000058        0x8 src/ASF/sam0/drivers/usb/usb_sam_l/usb.o
 .bss._usb_instances
                0x20000060        0x4 src/ASF/sam0/drivers/usb/usb_sam_l/usb.o
 *(COMMON)
 COMMON         0x20000064        0x1 src/ASF/sam0/drivers/extint/extint_callback.o
                0x20000064                _current_channel
 *fill*         0x20000065        0x3 
 COMMON         0x20000068       0x40 src/ASF/sam0/drivers/extint/extint_sam_l_c/extint.o
                0x20000068                _extint_dev
 COMMON         0x200000a8      0x100 src/ASF/sam0/drivers/usb/usb_sam_l/usb.o
                0x200000a8                usb_descriptor_table
                0x200001a8                . = ALIGN (0x4)
                0x200001a8                _ebss = .
                0x200001a8                _ezero = .

.stack          0x200001a8     0x2000 load address 0x00001314
                0x200001a8                . = ALIGN (0x8)
                0x200001a8                _sstack = .
                0x200021a8                . = (. + STACK_SIZE)
 *fill*         0x200001a8     0x2000 
                0x200021a8                . = ALIGN (0x8)
                0x200021a8                _estack = .
                0x200021a8                . = ALIGN (0x4)
                0x200021a8                _end = .
OUTPUT(star_reference.elf elf32-littlearm)

.ARM.attributes
                0x00000000       0x28
 .ARM.attributes
                0x00000000       0x1e c:/program files (x86)/atmel/studio/7.0/toolchain/arm/arm-gnu-toolchain/bin/../lib/gcc/arm-none-eabi/5.3.1/armv6-m/crti.o
 .ARM.attributes
                0x0000001e       0x2c c:/program files (x86)/atmel/studio/7.0/toolchain/arm/arm-gnu-toolchain/bin/../lib/gcc/arm-none-eabi/5.3.1/armv6-m/crtbegin.o
 .ARM.attributes
                0x0000004a       0x32 src/ASF/common2/services/delay/sam0/systick_counter.o
 .ARM.attributes
                0x0000007c       0x32 src/ASF/common/utils/interrupt/interrupt_sam_nvic.o
 .ARM.attributes
                0x000000ae       0x32 src/ASF/sam0/boards/saml21_xplained_pro_b/board_init.o
 .ARM.attributes
                0x000000e0       0x32 src/ASF/sam0/drivers/extint/extint_callback.o
 .ARM.attributes
                0x00000112       0x32 src/ASF/sam0/drivers/extint/extint_sam_l_c/extint.o
 .ARM.attributes
                0x00000144       0x32 src/ASF/sam0/drivers/port/port.o
 .ARM.attributes
                0x00000176       0x32 src/ASF/sam0/drivers/system/clock/clock_saml21/clock.o
 .ARM.attributes
                0x000001a8       0x32 src/ASF/sam0/drivers/system/clock/clock_saml21/gclk.o
 .ARM.attributes
                0x000001da       0x32 src/ASF/sam0/drivers/system/pinmux/pinmux.o
 .ARM.attributes
                0x0000020c       0x32 src/ASF/sam0/drivers/system/system.o
 .ARM.attributes
                0x0000023e       0x32 src/ASF/sam0/drivers/usb/usb_sam_l/usb.o
 .ARM.attributes
                0x00000270       0x32 src/ASF/sam0/utils/cmsis/saml21/source/gcc/startup_saml21.o
 .ARM.attributes
                0x000002a2       0x32 src/main.o
 .ARM.attributes
                0x000002d4       0x1e c:/program files (x86)/atmel/studio/7.0/toolchain/arm/arm-gnu-toolchain/bin/../lib/gcc/arm-none-eabi/5.3.1/armv6-m\libgcc.a(_udivsi3.o)
 .ARM.attributes
                0x000002f2       0x1e c:/program files (x86)/atmel/studio/7.0/toolchain/arm/arm-gnu-toolchain/bin/../lib/gcc/arm-none-eabi/5.3.1/armv6-m\libgcc.a(_dvmd_tls.o)
 .ARM.attributes
                0x00000310       0x1e c:/program files (x86)/atmel/studio/7.0/toolchain/arm/arm-gnu-toolchain/bin/../lib/gcc/arm-none-eabi/5.3.1/armv6-m\libgcc.a(_ctzsi2.o)
 .ARM.attributes
                0x0000032e       0x2c c:/program files (x86)/atmel/studio/7.0/toolchain/arm/arm-gnu-toolchain/bin/../lib/gcc/arm-none-eabi/5.3.1/../../../../arm-none-eabi/lib/armv6-m\libc_nano.a(lib_a-init.o)
 .ARM.attributes
                0x0000035a       0x1e c:/program files (x86)/atmel/studio/7.0/toolchain/arm/arm-gnu-toolchain/bin/../lib/gcc/arm-none-eabi/5.3.1/armv6-m/crtn.o

.comment        0x00000000       0x59
 .comment       0x00000000       0x59 src/ASF/common2/services/delay/sam0/systick_counter.o
                                 0x5a (size before relaxing)
 .comment       0x00000059       0x5a src/ASF/common/utils/interrupt/interrupt_sam_nvic.o
 .comment       0x00000059       0x5a src/ASF/sam0/boards/saml21_xplained_pro_b/board_init.o
 .comment       0x00000059       0x5a src/ASF/sam0/drivers/extint/extint_callback.o
 .comment       0x00000059       0x5a src/ASF/sam0/drivers/extint/extint_sam_l_c/extint.o
 .comment       0x00000059       0x5a src/ASF/sam0/drivers/port/port.o
 .comment       0x00000059       0x5a src/ASF/sam0/drivers/system/clock/clock_saml21/clock.o
 .comment       0x00000059       0x5a src/ASF/sam0/drivers/system/clock/clock_saml21/gclk.o
 .comment       0x00000059       0x5a src/ASF/sam0/drivers/system/pinmux/pinmux.o
 .comment       0x00000059       0x5a src/ASF/sam0/drivers/system/system.o
 .comment       0x00000059       0x5a src/ASF/sam0/drivers/usb/usb_sam_l/usb.o
 .comment       0x00000059       0x5a src/ASF/sam0/utils/cmsis/saml21/source/gcc/startup_saml21.o
 .comment       0x00000059       0x5a src/main.o

.debug_info     0x00000000    0x101bd
 .debug_info    0x00000000      0x26b src/ASF/common2/services/delay/sam0/systick_counter.o
 .debug_info    0x0000026b      0x1ea src/ASF/common/utils/interrupt/interrupt_sam_nvic.o
 .debug_info    0x00000455      0xa88 src/ASF/sam0/boards/saml21_xplained_pro_b/board_init.o
 .debug_info    0x00000edd      0xb0e src/ASF/sam0/drivers/extint/extint_callback.o
 .debug_info    0x000019eb     0x1c16 src/ASF/sam0/drivers/extint/extint_sam_l_c/extint.o
 .debug_info    0x00003601      0xa7d src/ASF/sam0/drivers/port/port.o
 .debug_info    0x0000407e     0x38fa src/ASF/sam0/drivers/system/clock/clock_saml21/clock.o
 .debug_info    0x00007978     0x1463 src/ASF/sam0/drivers/system/clock/clock_saml21/gclk.o
 .debug_info    0x00008ddb      0xbde src/ASF/sam0/drivers/system/pinmux/pinmux.o
 .debug_info    0x000099b9      0x17c src/ASF/sam0/drivers/system/system.o
 .debug_info    0x00009b35     0x489c src/ASF/sam0/drivers/usb/usb_sam_l/usb.o
 .debug_info    0x0000e3d1      0x9f3 src/ASF/sam0/utils/cmsis/saml21/source/gcc/startup_saml21.o
 .debug_info    0x0000edc4     0x13f9 src/main.o

.debug_abbrev   0x00000000     0x1fcb
 .debug_abbrev  0x00000000      0x13e src/ASF/common2/services/delay/sam0/systick_counter.o
 .debug_abbrev  0x0000013e       0xf6 src/ASF/common/utils/interrupt/interrupt_sam_nvic.o
 .debug_abbrev  0x00000234      0x224 src/ASF/sam0/boards/saml21_xplained_pro_b/board_init.o
 .debug_abbrev  0x00000458      0x28c src/ASF/sam0/drivers/extint/extint_callback.o
 .debug_abbrev  0x000006e4      0x3e0 src/ASF/sam0/drivers/extint/extint_sam_l_c/extint.o
 .debug_abbrev  0x00000ac4      0x1dc src/ASF/sam0/drivers/port/port.o
 .debug_abbrev  0x00000ca0      0x370 src/ASF/sam0/drivers/system/clock/clock_saml21/clock.o
 .debug_abbrev  0x00001010      0x362 src/ASF/sam0/drivers/system/clock/clock_saml21/gclk.o
 .debug_abbrev  0x00001372      0x2d2 src/ASF/sam0/drivers/system/pinmux/pinmux.o
 .debug_abbrev  0x00001644       0xbb src/ASF/sam0/drivers/system/system.o
 .debug_abbrev  0x000016ff      0x450 src/ASF/sam0/drivers/usb/usb_sam_l/usb.o
 .debug_abbrev  0x00001b4f      0x1c7 src/ASF/sam0/utils/cmsis/saml21/source/gcc/startup_saml21.o
 .debug_abbrev  0x00001d16      0x2b5 src/main.o

.debug_loc      0x00000000     0x3cf2
 .debug_loc     0x00000000       0xe4 src/ASF/common2/services/delay/sam0/systick_counter.o
 .debug_loc     0x000000e4       0x8b src/ASF/sam0/boards/saml21_xplained_pro_b/board_init.o
 .debug_loc     0x0000016f      0x219 src/ASF/sam0/drivers/extint/extint_callback.o
 .debug_loc     0x00000388      0x4e2 src/ASF/sam0/drivers/extint/extint_sam_l_c/extint.o
 .debug_loc     0x0000086a      0x13d src/ASF/sam0/drivers/port/port.o
 .debug_loc     0x000009a7      0xd8f src/ASF/sam0/drivers/system/clock/clock_saml21/clock.o
 .debug_loc     0x00001736      0x504 src/ASF/sam0/drivers/system/clock/clock_saml21/gclk.o
 .debug_loc     0x00001c3a      0x37a src/ASF/sam0/drivers/system/pinmux/pinmux.o
 .debug_loc     0x00001fb4       0x20 src/ASF/sam0/drivers/system/system.o
 .debug_loc     0x00001fd4     0x17bf src/ASF/sam0/drivers/usb/usb_sam_l/usb.o
 .debug_loc     0x00003793       0x20 src/ASF/sam0/utils/cmsis/saml21/source/gcc/startup_saml21.o
 .debug_loc     0x000037b3      0x53f src/main.o

.debug_aranges  0x00000000      0x460
 .debug_aranges
                0x00000000       0x30 src/ASF/common2/services/delay/sam0/systick_counter.o
 .debug_aranges
                0x00000030       0x28 src/ASF/common/utils/interrupt/interrupt_sam_nvic.o
 .debug_aranges
                0x00000058       0x20 src/ASF/sam0/boards/saml21_xplained_pro_b/board_init.o
 .debug_aranges
                0x00000078       0x48 src/ASF/sam0/drivers/extint/extint_callback.o
 .debug_aranges
                0x000000c0       0x58 src/ASF/sam0/drivers/extint/extint_sam_l_c/extint.o
 .debug_aranges
                0x00000118       0x28 src/ASF/sam0/drivers/port/port.o
 .debug_aranges
                0x00000140       0x80 src/ASF/sam0/drivers/system/clock/clock_saml21/clock.o
 .debug_aranges
                0x000001c0       0x80 src/ASF/sam0/drivers/system/clock/clock_saml21/gclk.o
 .debug_aranges
                0x00000240       0x40 src/ASF/sam0/drivers/system/pinmux/pinmux.o
 .debug_aranges
                0x00000280       0x28 src/ASF/sam0/drivers/system/system.o
 .debug_aranges
                0x000002a8      0x158 src/ASF/sam0/drivers/usb/usb_sam_l/usb.o
 .debug_aranges
                0x00000400       0x28 src/ASF/sam0/utils/cmsis/saml21/source/gcc/startup_saml21.o
 .debug_aranges
                0x00000428       0x38 src/main.o

.debug_ranges   0x00000000      0x4d8
 .debug_ranges  0x00000000       0x50 src/ASF/common2/services/delay/sam0/systick_counter.o
 .debug_ranges  0x00000050       0x18 src/ASF/common/utils/interrupt/interrupt_sam_nvic.o
 .debug_ranges  0x00000068       0x10 src/ASF/sam0/boards/saml21_xplained_pro_b/board_init.o
 .debug_ranges  0x00000078       0x60 src/ASF/sam0/drivers/extint/extint_callback.o
 .debug_ranges  0x000000d8       0x60 src/ASF/sam0/drivers/extint/extint_sam_l_c/extint.o
 .debug_ranges  0x00000138       0x18 src/ASF/sam0/drivers/port/port.o
 .debug_ranges  0x00000150       0x70 src/ASF/sam0/drivers/system/clock/clock_saml21/clock.o
 .debug_ranges  0x000001c0       0xe8 src/ASF/sam0/drivers/system/clock/clock_saml21/gclk.o
 .debug_ranges  0x000002a8       0x30 src/ASF/sam0/drivers/system/pinmux/pinmux.o
 .debug_ranges  0x000002d8       0x18 src/ASF/sam0/drivers/system/system.o
 .debug_ranges  0x000002f0      0x148 src/ASF/sam0/drivers/usb/usb_sam_l/usb.o
 .debug_ranges  0x00000438       0x18 src/ASF/sam0/utils/cmsis/saml21/source/gcc/startup_saml21.o
 .debug_ranges  0x00000450       0x88 src/main.o

.debug_macro    0x00000000    0x1ba3d
 .debug_macro   0x00000000      0x59b src/ASF/common2/services/delay/sam0/systick_counter.o
 .debug_macro   0x0000059b      0x850 src/ASF/common2/services/delay/sam0/systick_counter.o
 .debug_macro   0x00000deb      0x16d src/ASF/common2/services/delay/sam0/systick_counter.o
 .debug_macro   0x00000f58      0x652 src/ASF/common2/services/delay/sam0/systick_counter.o
 .debug_macro   0x000015aa       0x22 src/ASF/common2/services/delay/sam0/systick_counter.o
 .debug_macro   0x000015cc       0x87 src/ASF/common2/services/delay/sam0/systick_counter.o
 .debug_macro   0x00001653       0x44 src/ASF/common2/services/delay/sam0/systick_counter.o
 .debug_macro   0x00001697       0xfd src/ASF/common2/services/delay/sam0/systick_counter.o
 .debug_macro   0x00001794       0x22 src/ASF/common2/services/delay/sam0/systick_counter.o
 .debug_macro   0x000017b6      0x1df src/ASF/common2/services/delay/sam0/systick_counter.o
 .debug_macro   0x00001995       0x10 src/ASF/common2/services/delay/sam0/systick_counter.o
 .debug_macro   0x000019a5       0x76 src/ASF/common2/services/delay/sam0/systick_counter.o
 .debug_macro   0x00001a1b       0x16 src/ASF/common2/services/delay/sam0/systick_counter.o
 .debug_macro   0x00001a31      0x6e5 src/ASF/common2/services/delay/sam0/systick_counter.o
 .debug_macro   0x00002116      0xde2 src/ASF/common2/services/delay/sam0/systick_counter.o
 .debug_macro   0x00002ef8       0x22 src/ASF/common2/services/delay/sam0/systick_counter.o
 .debug_macro   0x00002f1a       0x40 src/ASF/common2/services/delay/sam0/systick_counter.o
 .debug_macro   0x00002f5a       0x3a src/ASF/common2/services/delay/sam0/systick_counter.o
 .debug_macro   0x00002f94       0x1f src/ASF/common2/services/delay/sam0/systick_counter.o
 .debug_macro   0x00002fb3      0x250 src/ASF/common2/services/delay/sam0/systick_counter.o
 .debug_macro   0x00003203      0x71a src/ASF/common2/services/delay/sam0/systick_counter.o
 .debug_macro   0x0000391d      0x979 src/ASF/common2/services/delay/sam0/systick_counter.o
 .debug_macro   0x00004296      0x2b8 src/ASF/common2/services/delay/sam0/systick_counter.o
 .debug_macro   0x0000454e      0x226 src/ASF/common2/services/delay/sam0/systick_counter.o
 .debug_macro   0x00004774      0x4dd src/ASF/common2/services/delay/sam0/systick_counter.o
 .debug_macro   0x00004c51      0xd24 src/ASF/common2/services/delay/sam0/systick_counter.o
 .debug_macro   0x00005975      0x5b8 src/ASF/common2/services/delay/sam0/systick_counter.o
 .debug_macro   0x00005f2d      0x5c3 src/ASF/common2/services/delay/sam0/systick_counter.o
 .debug_macro   0x000064f0      0x832 src/ASF/common2/services/delay/sam0/systick_counter.o
 .debug_macro   0x00006d22      0x297 src/ASF/common2/services/delay/sam0/systick_counter.o
 .debug_macro   0x00006fb9      0x5de src/ASF/common2/services/delay/sam0/systick_counter.o
 .debug_macro   0x00007597      0x225 src/ASF/common2/services/delay/sam0/systick_counter.o
 .debug_macro   0x000077bc      0x7a3 src/ASF/common2/services/delay/sam0/systick_counter.o
 .debug_macro   0x00007f5f      0x174 src/ASF/common2/services/delay/sam0/systick_counter.o
 .debug_macro   0x000080d3      0x719 src/ASF/common2/services/delay/sam0/systick_counter.o
 .debug_macro   0x000087ec      0x293 src/ASF/common2/services/delay/sam0/systick_counter.o
 .debug_macro   0x00008a7f      0x702 src/ASF/common2/services/delay/sam0/systick_counter.o
 .debug_macro   0x00009181      0x2e3 src/ASF/common2/services/delay/sam0/systick_counter.o
 .debug_macro   0x00009464      0x3cb src/ASF/common2/services/delay/sam0/systick_counter.o
 .debug_macro   0x0000982f      0x1ae src/ASF/common2/services/delay/sam0/systick_counter.o
 .debug_macro   0x000099dd     0x122b src/ASF/common2/services/delay/sam0/systick_counter.o
 .debug_macro   0x0000ac08      0xf4e src/ASF/common2/services/delay/sam0/systick_counter.o
 .debug_macro   0x0000bb56      0x873 src/ASF/common2/services/delay/sam0/systick_counter.o
 .debug_macro   0x0000c3c9      0xa39 src/ASF/common2/services/delay/sam0/systick_counter.o
 .debug_macro   0x0000ce02      0x8bc src/ASF/common2/services/delay/sam0/systick_counter.o
 .debug_macro   0x0000d6be     0x19cc src/ASF/common2/services/delay/sam0/systick_counter.o
 .debug_macro   0x0000f08a       0xea src/ASF/common2/services/delay/sam0/systick_counter.o
 .debug_macro   0x0000f174     0x13b0 src/ASF/common2/services/delay/sam0/systick_counter.o
 .debug_macro   0x00010524      0x378 src/ASF/common2/services/delay/sam0/systick_counter.o
 .debug_macro   0x0001089c       0x7c src/ASF/common2/services/delay/sam0/systick_counter.o
 .debug_macro   0x00010918       0xac src/ASF/common2/services/delay/sam0/systick_counter.o
 .debug_macro   0x000109c4       0xca src/ASF/common2/services/delay/sam0/systick_counter.o
 .debug_macro   0x00010a8e       0x4c src/ASF/common2/services/delay/sam0/systick_counter.o
 .debug_macro   0x00010ada       0x94 src/ASF/common2/services/delay/sam0/systick_counter.o
 .debug_macro   0x00010b6e       0xd6 src/ASF/common2/services/delay/sam0/systick_counter.o
 .debug_macro   0x00010c44       0xb2 src/ASF/common2/services/delay/sam0/systick_counter.o
 .debug_macro   0x00010cf6       0x64 src/ASF/common2/services/delay/sam0/systick_counter.o
 .debug_macro   0x00010d5a      0x5d5 src/ASF/common2/services/delay/sam0/systick_counter.o
 .debug_macro   0x0001132f      0x1ab src/ASF/common2/services/delay/sam0/systick_counter.o
 .debug_macro   0x000114da       0x70 src/ASF/common2/services/delay/sam0/systick_counter.o
 .debug_macro   0x0001154a       0xa0 src/ASF/common2/services/delay/sam0/systick_counter.o
 .debug_macro   0x000115ea       0xc4 src/ASF/common2/services/delay/sam0/systick_counter.o
 .debug_macro   0x000116ae       0x28 src/ASF/common2/services/delay/sam0/systick_counter.o
 .debug_macro   0x000116d6       0xa0 src/ASF/common2/services/delay/sam0/systick_counter.o
 .debug_macro   0x00011776       0x40 src/ASF/common2/services/delay/sam0/systick_counter.o
 .debug_macro   0x000117b6       0x7c src/ASF/common2/services/delay/sam0/systick_counter.o
 .debug_macro   0x00011832       0x40 src/ASF/common2/services/delay/sam0/systick_counter.o
 .debug_macro   0x00011872      0x178 src/ASF/common2/services/delay/sam0/systick_counter.o
 .debug_macro   0x000119ea       0x34 src/ASF/common2/services/delay/sam0/systick_counter.o
 .debug_macro   0x00011a1e       0xee src/ASF/common2/services/delay/sam0/systick_counter.o
 .debug_macro   0x00011b0c      0x136 src/ASF/common2/services/delay/sam0/systick_counter.o
 .debug_macro   0x00011c42      0x136 src/ASF/common2/services/delay/sam0/systick_counter.o
 .debug_macro   0x00011d78      0x136 src/ASF/common2/services/delay/sam0/systick_counter.o
 .debug_macro   0x00011eae      0x136 src/ASF/common2/services/delay/sam0/systick_counter.o
 .debug_macro   0x00011fe4      0x136 src/ASF/common2/services/delay/sam0/systick_counter.o
 .debug_macro   0x0001211a      0x136 src/ASF/common2/services/delay/sam0/systick_counter.o
 .debug_macro   0x00012250       0x5e src/ASF/common2/services/delay/sam0/systick_counter.o
 .debug_macro   0x000122ae      0x1a6 src/ASF/common2/services/delay/sam0/systick_counter.o
 .debug_macro   0x00012454       0xfa src/ASF/common2/services/delay/sam0/systick_counter.o
 .debug_macro   0x0001254e       0xfa src/ASF/common2/services/delay/sam0/systick_counter.o
 .debug_macro   0x00012648       0xfa src/ASF/common2/services/delay/sam0/systick_counter.o
 .debug_macro   0x00012742       0xfa src/ASF/common2/services/delay/sam0/systick_counter.o
 .debug_macro   0x0001283c       0xfa src/ASF/common2/services/delay/sam0/systick_counter.o
 .debug_macro   0x00012936      0x124 src/ASF/common2/services/delay/sam0/systick_counter.o
 .debug_macro   0x00012a5a       0xfa src/ASF/common2/services/delay/sam0/systick_counter.o
 .debug_macro   0x00012b54       0xee src/ASF/common2/services/delay/sam0/systick_counter.o
 .debug_macro   0x00012c42       0x2e src/ASF/common2/services/delay/sam0/systick_counter.o
 .debug_macro   0x00012c70      0x408 src/ASF/common2/services/delay/sam0/systick_counter.o
 .debug_macro   0x00013078       0x3a src/ASF/common2/services/delay/sam0/systick_counter.o
 .debug_macro   0x000130b2      0x433 src/ASF/common2/services/delay/sam0/systick_counter.o
 .debug_macro   0x000134e5     0x2353 src/ASF/common2/services/delay/sam0/systick_counter.o
 .debug_macro   0x00015838       0x90 src/ASF/common2/services/delay/sam0/systick_counter.o
 .debug_macro   0x000158c8       0x52 src/ASF/common2/services/delay/sam0/systick_counter.o
 .debug_macro   0x0001591a       0x35 src/ASF/common2/services/delay/sam0/systick_counter.o
 .debug_macro   0x0001594f       0x9c src/ASF/common2/services/delay/sam0/systick_counter.o
 .debug_macro   0x000159eb       0x16 src/ASF/common2/services/delay/sam0/systick_counter.o
 .debug_macro   0x00015a01       0x35 src/ASF/common2/services/delay/sam0/systick_counter.o
 .debug_macro   0x00015a36      0x330 src/ASF/common2/services/delay/sam0/systick_counter.o
 .debug_macro   0x00015d66       0x10 src/ASF/common2/services/delay/sam0/systick_counter.o
 .debug_macro   0x00015d76       0x52 src/ASF/common2/services/delay/sam0/systick_counter.o
 .debug_macro   0x00015dc8       0x16 src/ASF/common2/services/delay/sam0/systick_counter.o
 .debug_macro   0x00015dde       0x43 src/ASF/common2/services/delay/sam0/systick_counter.o
 .debug_macro   0x00015e21      0x187 src/ASF/common2/services/delay/sam0/systick_counter.o
 .debug_macro   0x00015fa8       0x22 src/ASF/common2/services/delay/sam0/systick_counter.o
 .debug_macro   0x00015fca       0x3a src/ASF/common2/services/delay/sam0/systick_counter.o
 .debug_macro   0x00016004       0x10 src/ASF/common2/services/delay/sam0/systick_counter.o
 .debug_macro   0x00016014       0x40 src/ASF/common2/services/delay/sam0/systick_counter.o
 .debug_macro   0x00016054       0x6c src/ASF/common2/services/delay/sam0/systick_counter.o
 .debug_macro   0x000160c0       0x16 src/ASF/common2/services/delay/sam0/systick_counter.o
 .debug_macro   0x000160d6      0x182 src/ASF/common2/services/delay/sam0/systick_counter.o
 .debug_macro   0x00016258       0x16 src/ASF/common2/services/delay/sam0/systick_counter.o
 .debug_macro   0x0001626e       0x16 src/ASF/common2/services/delay/sam0/systick_counter.o
 .debug_macro   0x00016284       0x29 src/ASF/common2/services/delay/sam0/systick_counter.o
 .debug_macro   0x000162ad       0x51 src/ASF/common2/services/delay/sam0/systick_counter.o
 .debug_macro   0x000162fe       0x3f src/ASF/common2/services/delay/sam0/systick_counter.o
 .debug_macro   0x0001633d      0x3df src/ASF/common2/services/delay/sam0/systick_counter.o
 .debug_macro   0x0001671c       0x16 src/ASF/common2/services/delay/sam0/systick_counter.o
 .debug_macro   0x00016732       0x16 src/ASF/common2/services/delay/sam0/systick_counter.o
 .debug_macro   0x00016748      0x55f src/ASF/common/utils/interrupt/interrupt_sam_nvic.o
 .debug_macro   0x00016ca7      0x59b src/ASF/sam0/boards/saml21_xplained_pro_b/board_init.o
 .debug_macro   0x00017242      0x2bf src/ASF/sam0/boards/saml21_xplained_pro_b/board_init.o
 .debug_macro   0x00017501      0x917 src/ASF/sam0/boards/saml21_xplained_pro_b/board_init.o
 .debug_macro   0x00017e18       0x19 src/ASF/sam0/boards/saml21_xplained_pro_b/board_init.o
 .debug_macro   0x00017e31      0x584 src/ASF/sam0/drivers/extint/extint_callback.o
 .debug_macro   0x000183b5       0x12 src/ASF/sam0/drivers/extint/extint_callback.o
 .debug_macro   0x000183c7      0x5e4 src/ASF/sam0/drivers/extint/extint_sam_l_c/extint.o
 .debug_macro   0x000189ab       0x2e src/ASF/sam0/drivers/extint/extint_sam_l_c/extint.o
 .debug_macro   0x000189d9       0x18 src/ASF/sam0/drivers/extint/extint_sam_l_c/extint.o
 .debug_macro   0x000189f1       0x16 src/ASF/sam0/drivers/extint/extint_sam_l_c/extint.o
 .debug_macro   0x00018a07      0x579 src/ASF/sam0/drivers/port/port.o
 .debug_macro   0x00018f80      0x5c7 src/ASF/sam0/drivers/system/clock/clock_saml21/clock.o
 .debug_macro   0x00019547      0x29e src/ASF/sam0/drivers/system/clock/clock_saml21/clock.o
 .debug_macro   0x000197e5      0x596 src/ASF/sam0/drivers/system/clock/clock_saml21/gclk.o
 .debug_macro   0x00019d7b      0x56f src/ASF/sam0/drivers/system/pinmux/pinmux.o
 .debug_macro   0x0001a2ea       0x12 src/ASF/sam0/drivers/system/pinmux/pinmux.o
 .debug_macro   0x0001a2fc      0x5a4 src/ASF/sam0/drivers/system/system.o
 .debug_macro   0x0001a8a0      0x621 src/ASF/sam0/drivers/usb/usb_sam_l/usb.o
 .debug_macro   0x0001aec1      0x371 src/ASF/sam0/utils/cmsis/saml21/source/gcc/startup_saml21.o
 .debug_macro   0x0001b232       0x3a src/ASF/sam0/utils/cmsis/saml21/source/gcc/startup_saml21.o
 .debug_macro   0x0001b26c      0x7af src/main.o
 .debug_macro   0x0001ba1b       0x22 src/main.o

.debug_line     0x00000000     0x9006
 .debug_line    0x00000000      0xa1a src/ASF/common2/services/delay/sam0/systick_counter.o
 .debug_line    0x00000a1a      0x92d src/ASF/common/utils/interrupt/interrupt_sam_nvic.o
 .debug_line    0x00001347      0x9d6 src/ASF/sam0/boards/saml21_xplained_pro_b/board_init.o
 .debug_line    0x00001d1d      0xa22 src/ASF/sam0/drivers/extint/extint_callback.o
 .debug_line    0x0000273f      0xcaf src/ASF/sam0/drivers/extint/extint_sam_l_c/extint.o
 .debug_line    0x000033ee      0x959 src/ASF/sam0/drivers/port/port.o
 .debug_line    0x00003d47      0xcb4 src/ASF/sam0/drivers/system/clock/clock_saml21/clock.o
 .debug_line    0x000049fb      0xc7c src/ASF/sam0/drivers/system/clock/clock_saml21/gclk.o
 .debug_line    0x00005677      0x998 src/ASF/sam0/drivers/system/pinmux/pinmux.o
 .debug_line    0x0000600f      0xa3d src/ASF/sam0/drivers/system/system.o
 .debug_line    0x00006a4c     0x1026 src/ASF/sam0/drivers/usb/usb_sam_l/usb.o
 .debug_line    0x00007a72      0x6d5 src/ASF/sam0/utils/cmsis/saml21/source/gcc/startup_saml21.o
 .debug_line    0x00008147      0xebf src/main.o

.debug_str      0x00000000    0x9d1c6
 .debug_str     0x00000000    0x8f8cd src/ASF/common2/services/delay/sam0/systick_counter.o
                              0x8fe07 (size before relaxing)
 .debug_str     0x0008f8cd       0x9b src/ASF/common/utils/interrupt/interrupt_sam_nvic.o
                              0x8fc29 (size before relaxing)
 .debug_str     0x0008f968     0x391e src/ASF/sam0/boards/saml21_xplained_pro_b/board_init.o
                              0x934f3 (size before relaxing)
 .debug_str     0x00093286      0x60d src/ASF/sam0/drivers/extint/extint_callback.o
                              0x90296 (size before relaxing)
 .debug_str     0x00093893     0x10bf src/ASF/sam0/drivers/extint/extint_sam_l_c/extint.o
                              0x912f6 (size before relaxing)
 .debug_str     0x00094952       0x53 src/ASF/sam0/drivers/port/port.o
                              0x90091 (size before relaxing)
 .debug_str     0x000949a5     0x2ba9 src/ASF/sam0/drivers/system/clock/clock_saml21/clock.o
                              0x93100 (size before relaxing)
 .debug_str     0x0009754e      0x286 src/ASF/sam0/drivers/system/clock/clock_saml21/gclk.o
                              0x9089f (size before relaxing)
 .debug_str     0x000977d4      0x1b5 src/ASF/sam0/drivers/system/pinmux/pinmux.o
                              0x90129 (size before relaxing)
 .debug_str     0x00097989       0x47 src/ASF/sam0/drivers/system/system.o
                              0x8fcb9 (size before relaxing)
 .debug_str     0x000979d0     0x1919 src/ASF/sam0/drivers/usb/usb_sam_l/usb.o
                              0x92748 (size before relaxing)
 .debug_str     0x000992e9      0x3aa src/ASF/sam0/utils/cmsis/saml21/source/gcc/startup_saml21.o
                              0x7b762 (size before relaxing)
 .debug_str     0x00099693     0x3b33 src/main.o
                              0x97ad6 (size before relaxing)

.debug_frame    0x00000000      0xa80
 .debug_frame   0x00000000       0x64 src/ASF/common2/services/delay/sam0/systick_counter.o
 .debug_frame   0x00000064       0x30 src/ASF/common/utils/interrupt/interrupt_sam_nvic.o
 .debug_frame   0x00000094       0x30 src/ASF/sam0/boards/saml21_xplained_pro_b/board_init.o
 .debug_frame   0x000000c4       0x7c src/ASF/sam0/drivers/extint/extint_callback.o
 .debug_frame   0x00000140       0xc8 src/ASF/sam0/drivers/extint/extint_sam_l_c/extint.o
 .debug_frame   0x00000208       0x44 src/ASF/sam0/drivers/port/port.o
 .debug_frame   0x0000024c      0x16c src/ASF/sam0/drivers/system/clock/clock_saml21/clock.o
 .debug_frame   0x000003b8      0x150 src/ASF/sam0/drivers/system/clock/clock_saml21/gclk.o
 .debug_frame   0x00000508       0x98 src/ASF/sam0/drivers/system/pinmux/pinmux.o
 .debug_frame   0x000005a0       0x38 src/ASF/sam0/drivers/system/system.o
 .debug_frame   0x000005d8      0x3b0 src/ASF/sam0/drivers/usb/usb_sam_l/usb.o
 .debug_frame   0x00000988       0x38 src/ASF/sam0/utils/cmsis/saml21/source/gcc/startup_saml21.o
 .debug_frame   0x000009c0       0x74 src/main.o
 .debug_frame   0x00000a34       0x20 c:/program files (x86)/atmel/studio/7.0/toolchain/arm/arm-gnu-toolchain/bin/../lib/gcc/arm-none-eabi/5.3.1/armv6-m\libgcc.a(_udivsi3.o)
 .debug_frame   0x00000a54       0x2c c:/program files (x86)/atmel/studio/7.0/toolchain/arm/arm-gnu-toolchain/bin/../lib/gcc/arm-none-eabi/5.3.1/../../../../arm-none-eabi/lib/armv6-m\libc_nano.a(lib_a-init.o)

Cross Reference Table

Symbol                                            File
AC_Handler                                        src/ASF/sam0/utils/cmsis/saml21/source/gcc/startup_saml21.o
ADC_Handler                                       src/ASF/sam0/utils/cmsis/saml21/source/gcc/startup_saml21.o
AES_Handler                                       src/ASF/sam0/utils/cmsis/saml21/source/gcc/startup_saml21.o
DAC_Handler                                       src/ASF/sam0/utils/cmsis/saml21/source/gcc/startup_saml21.o
DMAC_Handler                                      src/ASF/sam0/utils/cmsis/saml21/source/gcc/startup_saml21.o
Dummy_Handler                                     src/ASF/sam0/utils/cmsis/saml21/source/gcc/startup_saml21.o
EIC_Handler                                       src/ASF/sam0/drivers/extint/extint_callback.o
EVSYS_Handler                                     src/ASF/sam0/utils/cmsis/saml21/source/gcc/startup_saml21.o
HardFault_Handler                                 src/ASF/sam0/utils/cmsis/saml21/source/gcc/startup_saml21.o
NMI_Handler                                       src/ASF/sam0/utils/cmsis/saml21/source/gcc/startup_saml21.o
NVMCTRL_Handler                                   src/ASF/sam0/utils/cmsis/saml21/source/gcc/startup_saml21.o
PTC_Handler                                       src/ASF/sam0/utils/cmsis/saml21/source/gcc/startup_saml21.o
PendSV_Handler                                    src/ASF/sam0/utils/cmsis/saml21/source/gcc/startup_saml21.o
RTC_Handler                                       src/ASF/sam0/utils/cmsis/saml21/source/gcc/startup_saml21.o
Reset_Handler                                     src/ASF/sam0/utils/cmsis/saml21/source/gcc/startup_saml21.o
SERCOM0_Handler                                   src/ASF/sam0/utils/cmsis/saml21/source/gcc/startup_saml21.o
SERCOM1_Handler                                   src/ASF/sam0/utils/cmsis/saml21/source/gcc/startup_saml21.o
SERCOM2_Handler                                   src/ASF/sam0/utils/cmsis/saml21/source/gcc/startup_saml21.o
SERCOM3_Handler                                   src/ASF/sam0/utils/cmsis/saml21/source/gcc/startup_saml21.o
SERCOM4_Handler                                   src/ASF/sam0/utils/cmsis/saml21/source/gcc/startup_saml21.o
SERCOM5_Handler                                   src/ASF/sam0/utils/cmsis/saml21/source/gcc/startup_saml21.o
SVC_Handler                                       src/ASF/sam0/utils/cmsis/saml21/source/gcc/startup_saml21.o
SYSTEM_Handler                                    src/ASF/sam0/utils/cmsis/saml21/source/gcc/startup_saml21.o
SysTick_Handler                                   src/ASF/sam0/utils/cmsis/saml21/source/gcc/startup_saml21.o
SystemCoreClock                                   src/ASF/sam0/utils/cmsis/saml21/source/system_saml21.o
SystemCoreClockUpdate                             src/ASF/sam0/utils/cmsis/saml21/source/system_saml21.o
SystemInit                                        src/ASF/sam0/utils/cmsis/saml21/source/system_saml21.o
TC0_Handler                                       src/ASF/sam0/utils/cmsis/saml21/source/gcc/startup_saml21.o
TC1_Handler                                       src/ASF/sam0/utils/cmsis/saml21/source/gcc/startup_saml21.o
TC2_Handler                                       src/ASF/sam0/utils/cmsis/saml21/source/gcc/startup_saml21.o
TC3_Handler                                       src/ASF/sam0/utils/cmsis/saml21/source/gcc/startup_saml21.o
TC4_Handler                                       src/ASF/sam0/utils/cmsis/saml21/source/gcc/startup_saml21.o
TCC0_Handler                                      src/ASF/sam0/utils/cmsis/saml21/source/gcc/startup_saml21.o
TCC1_Handler                                      src/ASF/sam0/utils/cmsis/saml21/source/gcc/startup_saml21.o
TCC2_Handler                                      src/ASF/sam0/utils/cmsis/saml21/source/gcc/startup_saml21.o
TRNG_Handler                                      src/ASF/sam0/utils/cmsis/saml21/source/gcc/startup_saml21.o
USB_Handler                                       src/ASF/sam0/drivers/usb/usb_sam_l/usb.o
WDT_Handler                                       src/ASF/sam0/utils/cmsis/saml21/source/gcc/startup_saml21.o
_Jv_RegisterClasses                               c:/program files (x86)/atmel/studio/7.0/toolchain/arm/arm-gnu-toolchain/bin/../lib/gcc/arm-none-eabi/5.3.1/armv6-m/crtbegin.o
__aeabi_idiv                                      c:/program files (x86)/atmel/studio/7.0/toolchain/arm/arm-gnu-toolchain/bin/../lib/gcc/arm-none-eabi/5.3.1/armv6-m\libgcc.a(_divsi3.o)
__aeabi_idiv0                                     c:/program files (x86)/atmel/studio/7.0/toolchain/arm/arm-gnu-toolchain/bin/../lib/gcc/arm-none-eabi/5.3.1/armv6-m\libgcc.a(_dvmd_tls.o)
                                                  c:/program files (x86)/atmel/studio/7.0/toolchain/arm/arm-gnu-toolchain/bin/../lib/gcc/arm-none-eabi/5.3.1/armv6-m\libgcc.a(_divsi3.o)
                                                  c:/program files (x86)/atmel/studio/7.0/toolchain/arm/arm-gnu-toolchain/bin/../lib/gcc/arm-none-eabi/5.3.1/armv6-m\libgcc.a(_udivsi3.o)
__aeabi_idivmod                                   c:/program files (x86)/atmel/studio/7.0/toolchain/arm/arm-gnu-toolchain/bin/../lib/gcc/arm-none-eabi/5.3.1/armv6-m\libgcc.a(_divsi3.o)
                                                  src/ASF/sam0/drivers/usb/stack_interface/usb_device_udd.o
__aeabi_ldiv0                                     c:/program files (x86)/atmel/studio/7.0/toolchain/arm/arm-gnu-toolchain/bin/../lib/gcc/arm-none-eabi/5.3.1/armv6-m\libgcc.a(_dvmd_tls.o)
__aeabi_uidiv                                     c:/program files (x86)/atmel/studio/7.0/toolchain/arm/arm-gnu-toolchain/bin/../lib/gcc/arm-none-eabi/5.3.1/armv6-m\libgcc.a(_udivsi3.o)
                                                  src/ASF/sam0/drivers/system/clock/clock_saml21/gclk.o
                                                  src/ASF/sam0/drivers/system/clock/clock_saml21/clock.o
                                                  src/ASF/common2/services/delay/sam0/systick_counter.o
__aeabi_uidivmod                                  c:/program files (x86)/atmel/studio/7.0/toolchain/arm/arm-gnu-toolchain/bin/../lib/gcc/arm-none-eabi/5.3.1/armv6-m\libgcc.a(_udivsi3.o)
                                                  src/ASF/sam0/drivers/usb/stack_interface/usb_device_udd.o
__bss_end__                                       c:/program files (x86)/atmel/studio/7.0/toolchain/arm/arm-gnu-toolchain/bin/../lib/gcc/arm-none-eabi/5.3.1/../../../../arm-none-eabi/lib/armv6-m/crt0.o
__bss_start__                                     c:/program files (x86)/atmel/studio/7.0/toolchain/arm/arm-gnu-toolchain/bin/../lib/gcc/arm-none-eabi/5.3.1/../../../../arm-none-eabi/lib/armv6-m/crt0.o
__call_exitprocs                                  c:/program files (x86)/atmel/studio/7.0/toolchain/arm/arm-gnu-toolchain/bin/../lib/gcc/arm-none-eabi/5.3.1/../../../../arm-none-eabi/lib/armv6-m\libc_nano.a(lib_a-exit.o)
__clzsi2                                          c:/program files (x86)/atmel/studio/7.0/toolchain/arm/arm-gnu-toolchain/bin/../lib/gcc/arm-none-eabi/5.3.1/armv6-m\libgcc.a(_clzsi2.o)
                                                  src/ASF/sam0/drivers/usb/usb_sam_l/usb.o
__ctzsi2                                          c:/program files (x86)/atmel/studio/7.0/toolchain/arm/arm-gnu-toolchain/bin/../lib/gcc/arm-none-eabi/5.3.1/armv6-m\libgcc.a(_ctzsi2.o)
                                                  src/ASF/sam0/drivers/usb/usb_sam_l/usb.o
__deregister_frame_info                           c:/program files (x86)/atmel/studio/7.0/toolchain/arm/arm-gnu-toolchain/bin/../lib/gcc/arm-none-eabi/5.3.1/armv6-m/crtbegin.o
__divsi3                                          c:/program files (x86)/atmel/studio/7.0/toolchain/arm/arm-gnu-toolchain/bin/../lib/gcc/arm-none-eabi/5.3.1/armv6-m\libgcc.a(_divsi3.o)
__dso_handle                                      c:/program files (x86)/atmel/studio/7.0/toolchain/arm/arm-gnu-toolchain/bin/../lib/gcc/arm-none-eabi/5.3.1/armv6-m/crtbegin.o
__init_array_end                                  c:/program files (x86)/atmel/studio/7.0/toolchain/arm/arm-gnu-toolchain/bin/../lib/gcc/arm-none-eabi/5.3.1/../../../../arm-none-eabi/lib/armv6-m\libc_nano.a(lib_a-init.o)
__init_array_start                                c:/program files (x86)/atmel/studio/7.0/toolchain/arm/arm-gnu-toolchain/bin/../lib/gcc/arm-none-eabi/5.3.1/../../../../arm-none-eabi/lib/armv6-m\libc_nano.a(lib_a-init.o)
__libc_fini_array                                 c:/program files (x86)/atmel/studio/7.0/toolchain/arm/arm-gnu-toolchain/bin/../lib/gcc/arm-none-eabi/5.3.1/../../../../arm-none-eabi/lib/armv6-m/crt0.o
__libc_init_array                                 c:/program files (x86)/atmel/studio/7.0/toolchain/arm/arm-gnu-toolchain/bin/../lib/gcc/arm-none-eabi/5.3.1/../../../../arm-none-eabi/lib/armv6-m\libc_nano.a(lib_a-init.o)
                                                  src/ASF/sam0/utils/cmsis/saml21/source/gcc/startup_saml21.o
                                                  c:/program files (x86)/atmel/studio/7.0/toolchain/arm/arm-gnu-toolchain/bin/../lib/gcc/arm-none-eabi/5.3.1/../../../../arm-none-eabi/lib/armv6-m/crt0.o
__preinit_array_end                               c:/program files (x86)/atmel/studio/7.0/toolchain/arm/arm-gnu-toolchain/bin/../lib/gcc/arm-none-eabi/5.3.1/../../../../arm-none-eabi/lib/armv6-m\libc_nano.a(lib_a-init.o)
__preinit_array_start                             c:/program files (x86)/atmel/studio/7.0/toolchain/arm/arm-gnu-toolchain/bin/../lib/gcc/arm-none-eabi/5.3.1/../../../../arm-none-eabi/lib/armv6-m\libc_nano.a(lib_a-init.o)
__register_frame_info                             c:/program files (x86)/atmel/studio/7.0/toolchain/arm/arm-gnu-toolchain/bin/../lib/gcc/arm-none-eabi/5.3.1/armv6-m/crtbegin.o
__sf_fake_stderr                                  c:/program files (x86)/atmel/studio/7.0/toolchain/arm/arm-gnu-toolchain/bin/../lib/gcc/arm-none-eabi/5.3.1/../../../../arm-none-eabi/lib/armv6-m\libc_nano.a(lib_a-impure.o)
__sf_fake_stdin                                   c:/program files (x86)/atmel/studio/7.0/toolchain/arm/arm-gnu-toolchain/bin/../lib/gcc/arm-none-eabi/5.3.1/../../../../arm-none-eabi/lib/armv6-m\libc_nano.a(lib_a-impure.o)
__sf_fake_stdout                                  c:/program files (x86)/atmel/studio/7.0/toolchain/arm/arm-gnu-toolchain/bin/../lib/gcc/arm-none-eabi/5.3.1/../../../../arm-none-eabi/lib/armv6-m\libc_nano.a(lib_a-impure.o)
__stack                                           c:/program files (x86)/atmel/studio/7.0/toolchain/arm/arm-gnu-toolchain/bin/../lib/gcc/arm-none-eabi/5.3.1/../../../../arm-none-eabi/lib/armv6-m/crt0.o
__udivsi3                                         c:/program files (x86)/atmel/studio/7.0/toolchain/arm/arm-gnu-toolchain/bin/../lib/gcc/arm-none-eabi/5.3.1/armv6-m\libgcc.a(_udivsi3.o)
_close                                            src/ASF/sam0/utils/syscalls/gcc/syscalls.o
_current_channel                                  src/ASF/sam0/drivers/extint/extint_callback.o
_end                                              src/ASF/sam0/utils/syscalls/gcc/syscalls.o
_erelocate                                        src/ASF/sam0/utils/cmsis/saml21/source/gcc/startup_saml21.o
_estack                                           src/ASF/sam0/utils/cmsis/saml21/source/gcc/startup_saml21.o
_etext                                            src/ASF/sam0/utils/cmsis/saml21/source/gcc/startup_saml21.o
_exit                                             src/ASF/sam0/utils/syscalls/gcc/syscalls.o
                                                  c:/program files (x86)/atmel/studio/7.0/toolchain/arm/arm-gnu-toolchain/bin/../lib/gcc/arm-none-eabi/5.3.1/../../../../arm-none-eabi/lib/armv6-m\libc_nano.a(lib_a-exit.o)
_extint_dev                                       src/ASF/sam0/drivers/extint/extint_sam_l_c/extint.o
                                                  src/ASF/sam0/drivers/extint/extint_callback.o
_ezero                                            src/ASF/sam0/utils/cmsis/saml21/source/gcc/startup_saml21.o
_fini                                             c:/program files (x86)/atmel/studio/7.0/toolchain/arm/arm-gnu-toolchain/bin/../lib/gcc/arm-none-eabi/5.3.1/armv6-m/crti.o
_fstat                                            src/ASF/sam0/utils/syscalls/gcc/syscalls.o
_getpid                                           src/ASF/sam0/utils/syscalls/gcc/syscalls.o
_global_impure_ptr                                c:/program files (x86)/atmel/studio/7.0/toolchain/arm/arm-gnu-toolchain/bin/../lib/gcc/arm-none-eabi/5.3.1/../../../../arm-none-eabi/lib/armv6-m\libc_nano.a(lib_a-impure.o)
                                                  c:/program files (x86)/atmel/studio/7.0/toolchain/arm/arm-gnu-toolchain/bin/../lib/gcc/arm-none-eabi/5.3.1/../../../../arm-none-eabi/lib/armv6-m\libc_nano.a(lib_a-exit.o)
_impure_ptr                                       c:/program files (x86)/atmel/studio/7.0/toolchain/arm/arm-gnu-toolchain/bin/../lib/gcc/arm-none-eabi/5.3.1/../../../../arm-none-eabi/lib/armv6-m\libc_nano.a(lib_a-impure.o)
_init                                             c:/program files (x86)/atmel/studio/7.0/toolchain/arm/arm-gnu-toolchain/bin/../lib/gcc/arm-none-eabi/5.3.1/armv6-m/crti.o
                                                  c:/program files (x86)/atmel/studio/7.0/toolchain/arm/arm-gnu-toolchain/bin/../lib/gcc/arm-none-eabi/5.3.1/../../../../arm-none-eabi/lib/armv6-m\libc_nano.a(lib_a-init.o)
_isatty                                           src/ASF/sam0/utils/syscalls/gcc/syscalls.o
_kill                                             src/ASF/sam0/utils/syscalls/gcc/syscalls.o
_lseek                                            src/ASF/sam0/utils/syscalls/gcc/syscalls.o
_mainCRTStartup                                   c:/program files (x86)/atmel/studio/7.0/toolchain/arm/arm-gnu-toolchain/bin/../lib/gcc/arm-none-eabi/5.3.1/../../../../arm-none-eabi/lib/armv6-m/crt0.o
_sbrk                                             src/ASF/sam0/utils/syscalls/gcc/syscalls.o
_sfixed                                           src/ASF/sam0/utils/cmsis/saml21/source/gcc/startup_saml21.o
_srelocate                                        src/ASF/sam0/utils/cmsis/saml21/source/gcc/startup_saml21.o
_start                                            c:/program files (x86)/atmel/studio/7.0/toolchain/arm/arm-gnu-toolchain/bin/../lib/gcc/arm-none-eabi/5.3.1/../../../../arm-none-eabi/lib/armv6-m/crt0.o
_system_divas_init                                src/ASF/sam0/drivers/system/system.o
_system_dummy_init                                src/ASF/sam0/drivers/system/system.o
_system_events_init                               src/ASF/sam0/drivers/system/system.o
_system_extint_init                               src/ASF/sam0/drivers/extint/extint_sam_l_c/extint.o
_szero                                            src/ASF/sam0/utils/cmsis/saml21/source/gcc/startup_saml21.o
atexit                                            c:/program files (x86)/atmel/studio/7.0/toolchain/arm/arm-gnu-toolchain/bin/../lib/gcc/arm-none-eabi/5.3.1/../../../../arm-none-eabi/lib/armv6-m/crt0.o
board_init                                        src/ASF/sam0/boards/saml21_xplained_pro_b/board_init.o
cpu_irq_enter_critical                            src/ASF/common/utils/interrupt/interrupt_sam_nvic.o
                                                  src/ASF/sam0/drivers/system/clock/clock_saml21/gclk.o
cpu_irq_leave_critical                            src/ASF/common/utils/interrupt/interrupt_sam_nvic.o
                                                  src/ASF/sam0/drivers/system/clock/clock_saml21/gclk.o
delay_cycles_ms                                   src/ASF/common2/services/delay/sam0/systick_counter.o
delay_cycles_us                                   src/ASF/common2/services/delay/sam0/systick_counter.o
delay_init                                        src/ASF/common2/services/delay/sam0/systick_counter.o
                                                  src/main.o
exception_table                                   src/ASF/sam0/utils/cmsis/saml21/source/gcc/startup_saml21.o
exit                                              c:/program files (x86)/atmel/studio/7.0/toolchain/arm/arm-gnu-toolchain/bin/../lib/gcc/arm-none-eabi/5.3.1/../../../../arm-none-eabi/lib/armv6-m\libc_nano.a(lib_a-exit.o)
                                                  c:/program files (x86)/atmel/studio/7.0/toolchain/arm/arm-gnu-toolchain/bin/../lib/gcc/arm-none-eabi/5.3.1/../../../../arm-none-eabi/lib/armv6-m/crt0.o
extint_chan_disable_callback                      src/ASF/sam0/drivers/extint/extint_callback.o
extint_chan_enable_callback                       src/ASF/sam0/drivers/extint/extint_callback.o
extint_chan_get_config_defaults                   src/ASF/sam0/drivers/extint/extint_sam_l_c/extint.o
extint_chan_set_config                            src/ASF/sam0/drivers/extint/extint_sam_l_c/extint.o
extint_disable_events                             src/ASF/sam0/drivers/extint/extint_sam_l_c/extint.o
extint_enable_events                              src/ASF/sam0/drivers/extint/extint_sam_l_c/extint.o
extint_get_current_channel                        src/ASF/sam0/drivers/extint/extint_callback.o
extint_nmi_set_config                             src/ASF/sam0/drivers/extint/extint_sam_l_c/extint.o
extint_register_callback                          src/ASF/sam0/drivers/extint/extint_callback.o
extint_unregister_callback                        src/ASF/sam0/drivers/extint/extint_callback.o
g_interrupt_enabled                               src/ASF/common/utils/interrupt/interrupt_sam_nvic.o
                                                  src/ASF/sam0/drivers/usb/stack_interface/usb_device_udd.o
                                                  src/ASF/common/services/usb/class/cdc/device/udi_cdc.o
hardware_init_hook                                c:/program files (x86)/atmel/studio/7.0/toolchain/arm/arm-gnu-toolchain/bin/../lib/gcc/arm-none-eabi/5.3.1/../../../../arm-none-eabi/lib/armv6-m/crt0.o
host_pipe_job_busy_status                         src/ASF/sam0/drivers/usb/usb_sam_l/usb.o
link                                              src/ASF/sam0/utils/syscalls/gcc/syscalls.o
main                                              src/main.o
                                                  src/ASF/sam0/utils/cmsis/saml21/source/gcc/startup_saml21.o
                                                  c:/program files (x86)/atmel/studio/7.0/toolchain/arm/arm-gnu-toolchain/bin/../lib/gcc/arm-none-eabi/5.3.1/../../../../arm-none-eabi/lib/armv6-m/crt0.o
memcpy                                            c:/program files (x86)/atmel/studio/7.0/toolchain/arm/arm-gnu-toolchain/bin/../lib/gcc/arm-none-eabi/5.3.1/../../../../arm-none-eabi/lib/armv6-m\libc_nano.a(lib_a-memcpy-stub.o)
                                                  src/ASF/sam0/drivers/usb/stack_interface/usb_device_udd.o
                                                  src/ASF/common/services/usb/class/cdc/device/udi_cdc.o
memset                                            c:/program files (x86)/atmel/studio/7.0/toolchain/arm/arm-gnu-toolchain/bin/../lib/gcc/arm-none-eabi/5.3.1/../../../../arm-none-eabi/lib/armv6-m\libc_nano.a(lib_a-memset.o)
                                                  src/ASF/sam0/drivers/usb/usb_sam_l/usb.o
                                                  c:/program files (x86)/atmel/studio/7.0/toolchain/arm/arm-gnu-toolchain/bin/../lib/gcc/arm-none-eabi/5.3.1/../../../../arm-none-eabi/lib/armv6-m/crt0.o
my_callback_cdc_disable                           src/main.o
                                                  src/ASF/common/services/usb/class/cdc/device/udi_cdc.o
my_callback_cdc_enable                            src/main.o
                                                  src/ASF/common/services/usb/class/cdc/device/udi_cdc.o
port_group_set_config                             src/ASF/sam0/drivers/port/port.o
port_pin_set_config                               src/ASF/sam0/drivers/port/port.o
                                                  src/main.o
                                                  src/ASF/sam0/boards/saml21_xplained_pro_b/board_init.o
sleepmgr_locks                                    src/ASF/common/services/sleepmgr/saml/sleepmgr.o
                                                  src/ASF/sam0/drivers/usb/stack_interface/usb_device_udd.o
software_init_hook                                c:/program files (x86)/atmel/studio/7.0/toolchain/arm/arm-gnu-toolchain/bin/../lib/gcc/arm-none-eabi/5.3.1/../../../../arm-none-eabi/lib/armv6-m/crt0.o
system_board_init                                 src/ASF/sam0/boards/saml21_xplained_pro_b/board_init.o
system_clock_init                                 src/ASF/sam0/drivers/system/clock/clock_saml21/clock.o
system_clock_source_dfll_set_config               src/ASF/sam0/drivers/system/clock/clock_saml21/clock.o
system_clock_source_disable                       src/ASF/sam0/drivers/system/clock/clock_saml21/clock.o
system_clock_source_dpll_set_config               src/ASF/sam0/drivers/system/clock/clock_saml21/clock.o
system_clock_source_enable                        src/ASF/sam0/drivers/system/clock/clock_saml21/clock.o
system_clock_source_get_hz                        src/ASF/sam0/drivers/system/clock/clock_saml21/clock.o
                                                  src/ASF/sam0/drivers/system/clock/clock_saml21/gclk.o
system_clock_source_is_ready                      src/ASF/sam0/drivers/system/clock/clock_saml21/clock.o
system_clock_source_osc16m_set_config             src/ASF/sam0/drivers/system/clock/clock_saml21/clock.o
system_clock_source_osc32k_set_config             src/ASF/sam0/drivers/system/clock/clock_saml21/clock.o
system_clock_source_osculp32k_set_config          src/ASF/sam0/drivers/system/clock/clock_saml21/clock.o
system_clock_source_write_calibration             src/ASF/sam0/drivers/system/clock/clock_saml21/clock.o
system_clock_source_xosc32k_set_config            src/ASF/sam0/drivers/system/clock/clock_saml21/clock.o
system_clock_source_xosc_set_config               src/ASF/sam0/drivers/system/clock/clock_saml21/clock.o
system_gclk_chan_disable                          src/ASF/sam0/drivers/system/clock/clock_saml21/gclk.o
                                                  src/ASF/sam0/drivers/extint/extint_sam_l_c/extint.o
system_gclk_chan_enable                           src/ASF/sam0/drivers/system/clock/clock_saml21/gclk.o
                                                  src/ASF/sam0/drivers/usb/usb_sam_l/usb.o
                                                  src/ASF/sam0/drivers/extint/extint_sam_l_c/extint.o
system_gclk_chan_get_hz                           src/ASF/sam0/drivers/system/clock/clock_saml21/gclk.o
                                                  src/ASF/sam0/drivers/system/clock/clock_saml21/clock.o
system_gclk_chan_is_enabled                       src/ASF/sam0/drivers/system/clock/clock_saml21/gclk.o
system_gclk_chan_is_locked                        src/ASF/sam0/drivers/system/clock/clock_saml21/gclk.o
system_gclk_chan_lock                             src/ASF/sam0/drivers/system/clock/clock_saml21/gclk.o
system_gclk_chan_set_config                       src/ASF/sam0/drivers/system/clock/clock_saml21/gclk.o
                                                  src/ASF/sam0/drivers/usb/usb_sam_l/usb.o
                                                  src/ASF/sam0/drivers/extint/extint_sam_l_c/extint.o
system_gclk_gen_disable                           src/ASF/sam0/drivers/system/clock/clock_saml21/gclk.o
system_gclk_gen_enable                            src/ASF/sam0/drivers/system/clock/clock_saml21/gclk.o
                                                  src/ASF/sam0/drivers/system/clock/clock_saml21/clock.o
system_gclk_gen_get_hz                            src/ASF/sam0/drivers/system/clock/clock_saml21/gclk.o
                                                  src/ASF/sam0/drivers/system/clock/clock_saml21/clock.o
                                                  src/ASF/common2/services/delay/sam0/systick_counter.o
system_gclk_gen_is_enabled                        src/ASF/sam0/drivers/system/clock/clock_saml21/gclk.o
system_gclk_gen_set_config                        src/ASF/sam0/drivers/system/clock/clock_saml21/gclk.o
                                                  src/ASF/sam0/drivers/system/clock/clock_saml21/clock.o
system_gclk_init                                  src/ASF/sam0/drivers/system/clock/clock_saml21/gclk.o
                                                  src/ASF/sam0/drivers/system/clock/clock_saml21/clock.o
system_init                                       src/ASF/sam0/drivers/system/system.o
                                                  src/main.o
system_interrupt_clear_pending                    src/ASF/sam0/drivers/system/interrupt/system_interrupt.o
system_interrupt_get_priority                     src/ASF/sam0/drivers/system/interrupt/system_interrupt.o
system_interrupt_is_pending                       src/ASF/sam0/drivers/system/interrupt/system_interrupt.o
system_interrupt_set_pending                      src/ASF/sam0/drivers/system/interrupt/system_interrupt.o
system_interrupt_set_priority                     src/ASF/sam0/drivers/system/interrupt/system_interrupt.o
system_pinmux_group_set_config                    src/ASF/sam0/drivers/system/pinmux/pinmux.o
                                                  src/ASF/sam0/drivers/port/port.o
system_pinmux_group_set_input_sample_mode         src/ASF/sam0/drivers/system/pinmux/pinmux.o
system_pinmux_group_set_output_strength           src/ASF/sam0/drivers/system/pinmux/pinmux.o
system_pinmux_pin_set_config                      src/ASF/sam0/drivers/system/pinmux/pinmux.o
                                                  src/ASF/sam0/drivers/usb/usb_sam_l/usb.o
                                                  src/ASF/sam0/drivers/port/port.o
                                                  src/ASF/sam0/drivers/extint/extint_sam_l_c/extint.o
task                                              src/main.o
udc_config                                        src/ASF/common/services/usb/class/cdc/device/udi_cdc_desc.o
                                                  src/ASF/common/services/usb/udc/udc.o
udc_config_fs                                     src/ASF/common/services/usb/class/cdc/device/udi_cdc_desc.o
udc_desc_fs                                       src/ASF/common/services/usb/class/cdc/device/udi_cdc_desc.o
udc_device_desc                                   src/ASF/common/services/usb/class/cdc/device/udi_cdc_desc.o
udc_device_lpm                                    src/ASF/common/services/usb/class/cdc/device/udi_cdc_desc.o
udc_get_interface_desc                            src/ASF/common/services/usb/udc/udc.o
udc_process_setup                                 src/ASF/common/services/usb/udc/udc.o
                                                  src/ASF/sam0/drivers/usb/stack_interface/usb_device_udd.o
udc_reset                                         src/ASF/common/services/usb/udc/udc.o
                                                  src/ASF/sam0/drivers/usb/stack_interface/usb_device_udd.o
udc_sof_notify                                    src/ASF/common/services/usb/udc/udc.o
                                                  src/ASF/sam0/drivers/usb/stack_interface/usb_device_udd.o
udc_start                                         src/ASF/common/services/usb/udc/udc.o
udc_stop                                          src/ASF/common/services/usb/udc/udc.o
udd_attach                                        src/ASF/sam0/drivers/usb/stack_interface/usb_device_udd.o
udd_ctrl_buffer                                   src/ASF/sam0/drivers/usb/stack_interface/usb_device_udd.o
udd_detach                                        src/ASF/sam0/drivers/usb/stack_interface/usb_device_udd.o
udd_disable                                       src/ASF/sam0/drivers/usb/stack_interface/usb_device_udd.o
                                                  src/ASF/common/services/usb/udc/udc.o
udd_enable                                        src/ASF/sam0/drivers/usb/stack_interface/usb_device_udd.o
                                                  src/ASF/common/services/usb/udc/udc.o
udd_ep_abort                                      src/ASF/sam0/drivers/usb/stack_interface/usb_device_udd.o
                                                  src/ASF/common/services/usb/udc/udc.o
udd_ep_alloc                                      src/ASF/sam0/drivers/usb/stack_interface/usb_device_udd.o
                                                  src/ASF/common/services/usb/udc/udc.o
udd_ep_clear_halt                                 src/ASF/sam0/drivers/usb/stack_interface/usb_device_udd.o
                                                  src/ASF/common/services/usb/udc/udc.o
udd_ep_free                                       src/ASF/sam0/drivers/usb/stack_interface/usb_device_udd.o
                                                  src/ASF/common/services/usb/udc/udc.o
udd_ep_is_halted                                  src/ASF/sam0/drivers/usb/stack_interface/usb_device_udd.o
                                                  src/ASF/common/services/usb/udc/udc.o
udd_ep_out_cache_buffer                           src/ASF/sam0/drivers/usb/stack_interface/usb_device_udd.o
udd_ep_run                                        src/ASF/sam0/drivers/usb/stack_interface/usb_device_udd.o
                                                  src/ASF/common/services/usb/class/cdc/device/udi_cdc.o
udd_ep_set_halt                                   src/ASF/sam0/drivers/usb/stack_interface/usb_device_udd.o
                                                  src/ASF/common/services/usb/udc/udc.o
udd_ep_wait_stall_clear                           src/ASF/sam0/drivers/usb/stack_interface/usb_device_udd.o
udd_g_ctrlreq                                     src/ASF/sam0/drivers/usb/stack_interface/usb_device_udd.o
                                                  src/ASF/common/services/usb/udc/udc.o
                                                  src/ASF/common/services/usb/class/cdc/device/udi_cdc.o
udd_get_frame_number                              src/ASF/sam0/drivers/usb/stack_interface/usb_device_udd.o
                                                  src/ASF/common/services/usb/class/cdc/device/udi_cdc.o
udd_get_micro_frame_number                        src/ASF/sam0/drivers/usb/stack_interface/usb_device_udd.o
                                                  src/ASF/common/services/usb/class/cdc/device/udi_cdc.o
udd_getaddress                                    src/ASF/sam0/drivers/usb/stack_interface/usb_device_udd.o
                                                  src/ASF/common/services/usb/udc/udc.o
udd_include_vbus_monitoring                       src/ASF/sam0/drivers/usb/stack_interface/usb_device_udd.o
udd_is_high_speed                                 src/ASF/sam0/drivers/usb/stack_interface/usb_device_udd.o
                                                  src/ASF/common/services/usb/class/cdc/device/udi_cdc.o
udd_send_remotewakeup                             src/ASF/sam0/drivers/usb/stack_interface/usb_device_udd.o
udd_set_address                                   src/ASF/sam0/drivers/usb/stack_interface/usb_device_udd.o
                                                  src/ASF/common/services/usb/udc/udc.o
udd_set_setup_payload                             src/ASF/sam0/drivers/usb/stack_interface/usb_device_udd.o
                                                  src/ASF/common/services/usb/udc/udc.o
udi_api_cdc_comm                                  src/ASF/common/services/usb/class/cdc/device/udi_cdc.o
                                                  src/ASF/common/services/usb/class/cdc/device/udi_cdc_desc.o
udi_api_cdc_data                                  src/ASF/common/services/usb/class/cdc/device/udi_cdc.o
                                                  src/ASF/common/services/usb/class/cdc/device/udi_cdc_desc.o
udi_apis                                          src/ASF/common/services/usb/class/cdc/device/udi_cdc_desc.o
udi_cdc_comm_disable                              src/ASF/common/services/usb/class/cdc/device/udi_cdc.o
udi_cdc_comm_enable                               src/ASF/common/services/usb/class/cdc/device/udi_cdc.o
udi_cdc_comm_setup                                src/ASF/common/services/usb/class/cdc/device/udi_cdc.o
udi_cdc_ctrl_signal_dcd                           src/ASF/common/services/usb/class/cdc/device/udi_cdc.o
udi_cdc_ctrl_signal_dsr                           src/ASF/common/services/usb/class/cdc/device/udi_cdc.o
udi_cdc_data_disable                              src/ASF/common/services/usb/class/cdc/device/udi_cdc.o
udi_cdc_data_enable                               src/ASF/common/services/usb/class/cdc/device/udi_cdc.o
udi_cdc_data_setup                                src/ASF/common/services/usb/class/cdc/device/udi_cdc.o
udi_cdc_data_sof_notify                           src/ASF/common/services/usb/class/cdc/device/udi_cdc.o
udi_cdc_get_free_tx_buffer                        src/ASF/common/services/usb/class/cdc/device/udi_cdc.o
udi_cdc_get_nb_received_data                      src/ASF/common/services/usb/class/cdc/device/udi_cdc.o
udi_cdc_getc                                      src/ASF/common/services/usb/class/cdc/device/udi_cdc.o
                                                  src/main.o
udi_cdc_getsetting                                src/ASF/common/services/usb/class/cdc/device/udi_cdc.o
udi_cdc_is_rx_ready                               src/ASF/common/services/usb/class/cdc/device/udi_cdc.o
udi_cdc_is_tx_ready                               src/ASF/common/services/usb/class/cdc/device/udi_cdc.o
udi_cdc_multi_ctrl_signal_dcd                     src/ASF/common/services/usb/class/cdc/device/udi_cdc.o
udi_cdc_multi_ctrl_signal_dsr                     src/ASF/common/services/usb/class/cdc/device/udi_cdc.o
udi_cdc_multi_get_free_tx_buffer                  src/ASF/common/services/usb/class/cdc/device/udi_cdc.o
udi_cdc_multi_get_nb_received_data                src/ASF/common/services/usb/class/cdc/device/udi_cdc.o
udi_cdc_multi_getc                                src/ASF/common/services/usb/class/cdc/device/udi_cdc.o
udi_cdc_multi_is_rx_ready                         src/ASF/common/services/usb/class/cdc/device/udi_cdc.o
udi_cdc_multi_is_tx_ready                         src/ASF/common/services/usb/class/cdc/device/udi_cdc.o
udi_cdc_multi_putc                                src/ASF/common/services/usb/class/cdc/device/udi_cdc.o
udi_cdc_multi_read_buf                            src/ASF/common/services/usb/class/cdc/device/udi_cdc.o
udi_cdc_multi_signal_framing_error                src/ASF/common/services/usb/class/cdc/device/udi_cdc.o
udi_cdc_multi_signal_overrun                      src/ASF/common/services/usb/class/cdc/device/udi_cdc.o
udi_cdc_multi_signal_parity_error                 src/ASF/common/services/usb/class/cdc/device/udi_cdc.o
udi_cdc_multi_write_buf                           src/ASF/common/services/usb/class/cdc/device/udi_cdc.o
udi_cdc_putc                                      src/ASF/common/services/usb/class/cdc/device/udi_cdc.o
                                                  src/main.o
udi_cdc_read_buf                                  src/ASF/common/services/usb/class/cdc/device/udi_cdc.o
udi_cdc_read_no_polling                           src/ASF/common/services/usb/class/cdc/device/udi_cdc.o
udi_cdc_signal_framing_error                      src/ASF/common/services/usb/class/cdc/device/udi_cdc.o
udi_cdc_signal_overrun                            src/ASF/common/services/usb/class/cdc/device/udi_cdc.o
udi_cdc_signal_parity_error                       src/ASF/common/services/usb/class/cdc/device/udi_cdc.o
udi_cdc_write_buf                                 src/ASF/common/services/usb/class/cdc/device/udi_cdc.o
usb_descriptor_table                              src/ASF/sam0/drivers/usb/usb_sam_l/usb.o
usb_device                                        src/ASF/sam0/drivers/usb/stack_interface/usb_device_udd.o
usb_device_disable_callback                       src/ASF/sam0/drivers/usb/usb_sam_l/usb.o
                                                  src/ASF/sam0/drivers/usb/stack_interface/usb_device_udd.o
usb_device_enable_callback                        src/ASF/sam0/drivers/usb/usb_sam_l/usb.o
                                                  src/ASF/sam0/drivers/usb/stack_interface/usb_device_udd.o
usb_device_endpoint_abort_job                     src/ASF/sam0/drivers/usb/usb_sam_l/usb.o
                                                  src/ASF/sam0/drivers/usb/stack_interface/usb_device_udd.o
usb_device_endpoint_clear_halt                    src/ASF/sam0/drivers/usb/usb_sam_l/usb.o
                                                  src/ASF/sam0/drivers/usb/stack_interface/usb_device_udd.o
usb_device_endpoint_disable_callback              src/ASF/sam0/drivers/usb/usb_sam_l/usb.o
                                                  src/ASF/sam0/drivers/usb/stack_interface/usb_device_udd.o
usb_device_endpoint_enable_callback               src/ASF/sam0/drivers/usb/usb_sam_l/usb.o
                                                  src/ASF/sam0/drivers/usb/stack_interface/usb_device_udd.o
usb_device_endpoint_get_config_defaults           src/ASF/sam0/drivers/usb/usb_sam_l/usb.o
                                                  src/ASF/sam0/drivers/usb/stack_interface/usb_device_udd.o
usb_device_endpoint_is_configured                 src/ASF/sam0/drivers/usb/usb_sam_l/usb.o
                                                  src/ASF/sam0/drivers/usb/stack_interface/usb_device_udd.o
usb_device_endpoint_is_halted                     src/ASF/sam0/drivers/usb/usb_sam_l/usb.o
                                                  src/ASF/sam0/drivers/usb/stack_interface/usb_device_udd.o
usb_device_endpoint_read_buffer_job               src/ASF/sam0/drivers/usb/usb_sam_l/usb.o
                                                  src/ASF/sam0/drivers/usb/stack_interface/usb_device_udd.o
usb_device_endpoint_register_callback             src/ASF/sam0/drivers/usb/usb_sam_l/usb.o
                                                  src/ASF/sam0/drivers/usb/stack_interface/usb_device_udd.o
usb_device_endpoint_set_config                    src/ASF/sam0/drivers/usb/usb_sam_l/usb.o
                                                  src/ASF/sam0/drivers/usb/stack_interface/usb_device_udd.o
usb_device_endpoint_set_halt                      src/ASF/sam0/drivers/usb/usb_sam_l/usb.o
                                                  src/ASF/sam0/drivers/usb/stack_interface/usb_device_udd.o
usb_device_endpoint_setup_buffer_job              src/ASF/sam0/drivers/usb/usb_sam_l/usb.o
                                                  src/ASF/sam0/drivers/usb/stack_interface/usb_device_udd.o
usb_device_endpoint_unregister_callback           src/ASF/sam0/drivers/usb/usb_sam_l/usb.o
                                                  src/ASF/sam0/drivers/usb/stack_interface/usb_device_udd.o
usb_device_endpoint_write_buffer_job              src/ASF/sam0/drivers/usb/usb_sam_l/usb.o
                                                  src/ASF/sam0/drivers/usb/stack_interface/usb_device_udd.o
usb_device_register_callback                      src/ASF/sam0/drivers/usb/usb_sam_l/usb.o
                                                  src/ASF/sam0/drivers/usb/stack_interface/usb_device_udd.o
usb_device_unregister_callback                    src/ASF/sam0/drivers/usb/usb_sam_l/usb.o
usb_disable                                       src/ASF/sam0/drivers/usb/usb_sam_l/usb.o
usb_dual_disable                                  src/ASF/sam0/drivers/usb/stack_interface/usb_dual.o
                                                  src/ASF/sam0/drivers/usb/stack_interface/usb_device_udd.o
usb_dual_enable                                   src/ASF/sam0/drivers/usb/stack_interface/usb_dual.o
usb_enable                                        src/ASF/sam0/drivers/usb/usb_sam_l/usb.o
                                                  src/ASF/sam0/drivers/usb/stack_interface/usb_device_udd.o
usb_get_config_defaults                           src/ASF/sam0/drivers/usb/usb_sam_l/usb.o
                                                  src/ASF/sam0/drivers/usb/stack_interface/usb_device_udd.o
usb_host_disable_callback                         src/ASF/sam0/drivers/usb/usb_sam_l/usb.o
usb_host_enable_callback                          src/ASF/sam0/drivers/usb/usb_sam_l/usb.o
usb_host_pipe_abort_job                           src/ASF/sam0/drivers/usb/usb_sam_l/usb.o
usb_host_pipe_disable_callback                    src/ASF/sam0/drivers/usb/usb_sam_l/usb.o
usb_host_pipe_enable_callback                     src/ASF/sam0/drivers/usb/usb_sam_l/usb.o
usb_host_pipe_get_config                          src/ASF/sam0/drivers/usb/usb_sam_l/usb.o
usb_host_pipe_get_config_defaults                 src/ASF/sam0/drivers/usb/usb_sam_l/usb.o
usb_host_pipe_lpm_job                             src/ASF/sam0/drivers/usb/usb_sam_l/usb.o
usb_host_pipe_read_job                            src/ASF/sam0/drivers/usb/usb_sam_l/usb.o
usb_host_pipe_register_callback                   src/ASF/sam0/drivers/usb/usb_sam_l/usb.o
usb_host_pipe_set_auto_zlp                        src/ASF/sam0/drivers/usb/usb_sam_l/usb.o
usb_host_pipe_set_config                          src/ASF/sam0/drivers/usb/usb_sam_l/usb.o
usb_host_pipe_setup_job                           src/ASF/sam0/drivers/usb/usb_sam_l/usb.o
usb_host_pipe_unregister_callback                 src/ASF/sam0/drivers/usb/usb_sam_l/usb.o
usb_host_pipe_write_job                           src/ASF/sam0/drivers/usb/usb_sam_l/usb.o
usb_host_register_callback                        src/ASF/sam0/drivers/usb/usb_sam_l/usb.o
usb_host_unregister_callback                      src/ASF/sam0/drivers/usb/usb_sam_l/usb.o
usb_init                                          src/ASF/sam0/drivers/usb/usb_sam_l/usb.o
                                                  src/ASF/sam0/drivers/usb/stack_interface/usb_device_udd.o
