Archive member included to satisfy reference by file (symbol)

c:/program files (x86)/atmel/studio/7.0/toolchain/arm/arm-gnu-toolchain/bin/../lib/gcc/arm-none-eabi/5.3.1/armv6-m\libgcc.a(_udivsi3.o)
                              src/ASF/sam0/drivers/system/clock/clock_saml21/clock.o (__aeabi_uidiv)
c:/program files (x86)/atmel/studio/7.0/toolchain/arm/arm-gnu-toolchain/bin/../lib/gcc/arm-none-eabi/5.3.1/armv6-m\libgcc.a(_dvmd_tls.o)
                              c:/program files (x86)/atmel/studio/7.0/toolchain/arm/arm-gnu-toolchain/bin/../lib/gcc/arm-none-eabi/5.3.1/armv6-m\libgcc.a(_udivsi3.o) (__aeabi_idiv0)
c:/program files (x86)/atmel/studio/7.0/toolchain/arm/arm-gnu-toolchain/bin/../lib/gcc/arm-none-eabi/5.3.1/../../../../arm-none-eabi/lib/armv6-m\libc_nano.a(lib_a-exit.o)
                              c:/program files (x86)/atmel/studio/7.0/toolchain/arm/arm-gnu-toolchain/bin/../lib/gcc/arm-none-eabi/5.3.1/../../../../arm-none-eabi/lib/armv6-m/crt0.o (exit)
c:/program files (x86)/atmel/studio/7.0/toolchain/arm/arm-gnu-toolchain/bin/../lib/gcc/arm-none-eabi/5.3.1/../../../../arm-none-eabi/lib/armv6-m\libc_nano.a(lib_a-impure.o)
                              c:/program files (x86)/atmel/studio/7.0/toolchain/arm/arm-gnu-toolchain/bin/../lib/gcc/arm-none-eabi/5.3.1/../../../../arm-none-eabi/lib/armv6-m\libc_nano.a(lib_a-exit.o) (_global_impure_ptr)
c:/program files (x86)/atmel/studio/7.0/toolchain/arm/arm-gnu-toolchain/bin/../lib/gcc/arm-none-eabi/5.3.1/../../../../arm-none-eabi/lib/armv6-m\libc_nano.a(lib_a-init.o)
                              c:/program files (x86)/atmel/studio/7.0/toolchain/arm/arm-gnu-toolchain/bin/../lib/gcc/arm-none-eabi/5.3.1/../../../../arm-none-eabi/lib/armv6-m/crt0.o (__libc_init_array)
c:/program files (x86)/atmel/studio/7.0/toolchain/arm/arm-gnu-toolchain/bin/../lib/gcc/arm-none-eabi/5.3.1/../../../../arm-none-eabi/lib/armv6-m\libc_nano.a(lib_a-memset.o)
                              c:/program files (x86)/atmel/studio/7.0/toolchain/arm/arm-gnu-toolchain/bin/../lib/gcc/arm-none-eabi/5.3.1/../../../../arm-none-eabi/lib/armv6-m/crt0.o (memset)

Discarded input sections

 .text          0x00000000        0x0 c:/program files (x86)/atmel/studio/7.0/toolchain/arm/arm-gnu-toolchain/bin/../lib/gcc/arm-none-eabi/5.3.1/armv6-m/crti.o
 .data          0x00000000        0x0 c:/program files (x86)/atmel/studio/7.0/toolchain/arm/arm-gnu-toolchain/bin/../lib/gcc/arm-none-eabi/5.3.1/armv6-m/crti.o
 .bss           0x00000000        0x0 c:/program files (x86)/atmel/studio/7.0/toolchain/arm/arm-gnu-toolchain/bin/../lib/gcc/arm-none-eabi/5.3.1/armv6-m/crti.o
 .data          0x00000000        0x4 c:/program files (x86)/atmel/studio/7.0/toolchain/arm/arm-gnu-toolchain/bin/../lib/gcc/arm-none-eabi/5.3.1/armv6-m/crtbegin.o
 .text          0x00000000       0x78 c:/program files (x86)/atmel/studio/7.0/toolchain/arm/arm-gnu-toolchain/bin/../lib/gcc/arm-none-eabi/5.3.1/../../../../arm-none-eabi/lib/armv6-m/crt0.o
 .data          0x00000000        0x0 c:/program files (x86)/atmel/studio/7.0/toolchain/arm/arm-gnu-toolchain/bin/../lib/gcc/arm-none-eabi/5.3.1/../../../../arm-none-eabi/lib/armv6-m/crt0.o
 .bss           0x00000000        0x0 c:/program files (x86)/atmel/studio/7.0/toolchain/arm/arm-gnu-toolchain/bin/../lib/gcc/arm-none-eabi/5.3.1/../../../../arm-none-eabi/lib/armv6-m/crt0.o
 .ARM.extab     0x00000000        0x0 c:/program files (x86)/atmel/studio/7.0/toolchain/arm/arm-gnu-toolchain/bin/../lib/gcc/arm-none-eabi/5.3.1/../../../../arm-none-eabi/lib/armv6-m/crt0.o
 .ARM.exidx     0x00000000        0x8 c:/program files (x86)/atmel/studio/7.0/toolchain/arm/arm-gnu-toolchain/bin/../lib/gcc/arm-none-eabi/5.3.1/../../../../arm-none-eabi/lib/armv6-m/crt0.o
 .ARM.attributes
                0x00000000       0x1b c:/program files (x86)/atmel/studio/7.0/toolchain/arm/arm-gnu-toolchain/bin/../lib/gcc/arm-none-eabi/5.3.1/../../../../arm-none-eabi/lib/armv6-m/crt0.o
 .group         0x00000000        0x8 snowflake_init.o
 .group         0x00000000        0x8 snowflake_init.o
 .group         0x00000000        0x8 snowflake_init.o
 .group         0x00000000        0x8 snowflake_init.o
 .group         0x00000000        0x8 snowflake_init.o
 .group         0x00000000        0x8 snowflake_init.o
 .group         0x00000000        0x8 snowflake_init.o
 .group         0x00000000        0x8 snowflake_init.o
 .group         0x00000000        0x8 snowflake_init.o
 .group         0x00000000        0x8 snowflake_init.o
 .group         0x00000000        0x8 snowflake_init.o
 .group         0x00000000        0x8 snowflake_init.o
 .group         0x00000000        0x8 snowflake_init.o
 .group         0x00000000        0x8 snowflake_init.o
 .group         0x00000000        0x8 snowflake_init.o
 .group         0x00000000        0x8 snowflake_init.o
 .group         0x00000000        0x8 snowflake_init.o
 .group         0x00000000        0x8 snowflake_init.o
 .group         0x00000000        0x8 snowflake_init.o
[...]
Memory Configuration

Name             Origin             Length             Attributes
rom              0x00000000         0x00040000         xr
ram              0x20000000         0x00008000         xrw
lpram            0x30000000         0x00002000         xrw
*default*        0x00000000         0xffffffff

Linker script and memory map

LOAD c:/program files (x86)/atmel/studio/7.0/toolchain/arm/arm-gnu-toolchain/bin/../lib/gcc/arm-none-eabi/5.3.1/armv6-m/crti.o
LOAD c:/program files (x86)/atmel/studio/7.0/toolchain/arm/arm-gnu-toolchain/bin/../lib/gcc/arm-none-eabi/5.3.1/armv6-m/crtbegin.o
LOAD c:/program files (x86)/atmel/studio/7.0/toolchain/arm/arm-gnu-toolchain/bin/../lib/gcc/arm-none-eabi/5.3.1/../../../../arm-none-eabi/lib/armv6-m/crt0.o
LOAD snowflake_init.o
LOAD src/ASF/common/utils/interrupt/interrupt_sam_nvic.o
LOAD src/ASF/sam0/boards/saml21_xplained_pro_b/board_init.o
LOAD src/ASF/sam0/drivers/port/port.o
LOAD src/ASF/sam0/drivers/system/clock/clock_saml21/clock.o
LOAD src/ASF/sam0/drivers/system/clock/clock_saml21/gclk.o
LOAD src/ASF/sam0/drivers/system/interrupt/system_interrupt.o
LOAD src/ASF/sam0/drivers/system/pinmux/pinmux.o
LOAD src/ASF/sam0/drivers/system/system.o
LOAD src/ASF/sam0/utils/cmsis/saml21/source/gcc/startup_saml21.o
LOAD src/ASF/sam0/utils/cmsis/saml21/source/system_saml21.o
LOAD src/ASF/sam0/utils/syscalls/gcc/syscalls.o
LOAD src/main.o
START GROUP
LOAD ../src/ASF/thirdparty/CMSIS/Lib/GCC\libarm_cortexM0l_math.a
LOAD c:/program files (x86)/atmel/studio/7.0/toolchain/arm/arm-gnu-toolchain/bin/../lib/gcc/arm-none-eabi/5.3.1/../../../../arm-none-eabi/lib/armv6-m\libm.a
END GROUP
START GROUP
LOAD c:/program files (x86)/atmel/studio/7.0/toolchain/arm/arm-gnu-toolchain/bin/../lib/gcc/arm-none-eabi/5.3.1/armv6-m\libgcc.a
LOAD c:/program files (x86)/atmel/studio/7.0/toolchain/arm/arm-gnu-toolchain/bin/../lib/gcc/arm-none-eabi/5.3.1/../../../../arm-none-eabi/lib/armv6-m\libc_nano.a
END GROUP
START GROUP
LOAD c:/program files (x86)/atmel/studio/7.0/toolchain/arm/arm-gnu-toolchain/bin/../lib/gcc/arm-none-eabi/5.3.1/armv6-m\libgcc.a
LOAD c:/program files (x86)/atmel/studio/7.0/toolchain/arm/arm-gnu-toolchain/bin/../lib/gcc/arm-none-eabi/5.3.1/../../../../arm-none-eabi/lib/armv6-m\libc_nano.a
END GROUP
LOAD c:/program files (x86)/atmel/studio/7.0/toolchain/arm/arm-gnu-toolchain/bin/../lib/gcc/arm-none-eabi/5.3.1/armv6-m/crtend.o
LOAD c:/program files (x86)/atmel/studio/7.0/toolchain/arm/arm-gnu-toolchain/bin/../lib/gcc/arm-none-eabi/5.3.1/armv6-m/crtn.o
                0x00002000                STACK_SIZE = DEFINED (STACK_SIZE)?STACK_SIZE:DEFINED (__stack_size__)?__stack_size__:0x2000

.text           0x00000000      0xc8c
                0x00000000                . = ALIGN (0x4)
                0x00000000                _sfixed = .
 *(.vectors .vectors.*)
 .vectors       0x00000000       0xb4 src/ASF/sam0/utils/cmsis/saml21/source/gcc/startup_saml21.o
                0x00000000                exception_table
 *(.text .text.* .gnu.linkonce.t.*)
 .text          0x000000b4       0x60 c:/program files (x86)/atmel/studio/7.0/toolchain/arm/arm-gnu-toolchain/bin/../lib/gcc/arm-none-eabi/5.3.1/armv6-m/crtbegin.o
 .text.snowflake_led_init
                0x00000114       0x98 snowflake_init.o
                0x00000114                snowflake_led_init
 .text.snowflake_pb_init
                0x000001ac       0x14 snowflake_init.o
                0x000001ac                snowflake_pb_init
 .text.snowflake_flash_init
                0x000001c0       0x38 snowflake_init.o
                0x000001c0                snowflake_flash_init
 .text.snowflake_usb_init
                0x000001f8       0x14 snowflake_init.o
                0x000001f8                snowflake_usb_init
 .text.snowflake_amp_init
                0x0000020c       0x30 snowflake_init.o
                0x0000020c                snowflake_amp_init
 .text.snowflake_init
                0x0000023c       0x2c snowflake_init.o
                0x0000023c                snowflake_init
 .text.cpu_irq_enter_critical
                0x00000268       0x40 src/ASF/common/utils/interrupt/interrupt_sam_nvic.o
                0x00000268                cpu_irq_enter_critical
 .text.cpu_irq_leave_critical
                0x000002a8       0x30 src/ASF/common/utils/interrupt/interrupt_sam_nvic.o
                0x000002a8                cpu_irq_leave_critical
 .text.system_board_init
                0x000002d8        0x4 src/ASF/sam0/boards/saml21_xplained_pro_b/board_init.o
                0x000002d8                board_init
                0x000002d8                system_board_init
 .text.port_pin_set_config
                0x000002dc       0x24 src/ASF/sam0/drivers/port/port.o
                0x000002dc                port_pin_set_config
 .text.system_clock_source_get_hz
                0x00000300       0x94 src/ASF/sam0/drivers/system/clock/clock_saml21/clock.o
                0x00000300                system_clock_source_get_hz
 .text.system_clock_source_xosc_set_config
                0x00000394       0xd0 src/ASF/sam0/drivers/system/clock/clock_saml21/clock.o
                0x00000394                system_clock_source_xosc_set_config
 .text.system_clock_source_dpll_set_config
                0x00000464       0xcc src/ASF/sam0/drivers/system/clock/clock_saml21/clock.o
                0x00000464                system_clock_source_dpll_set_config
 .text.system_clock_source_enable
                0x00000530       0xbc src/ASF/sam0/drivers/system/clock/clock_saml21/clock.o
                0x00000530                system_clock_source_enable
 .text.system_clock_init
                0x000005ec      0x160 src/ASF/sam0/drivers/system/clock/clock_saml21/clock.o
                0x000005ec                system_clock_init
 .text.system_gclk_init
                0x0000074c       0x24 src/ASF/sam0/drivers/system/clock/clock_saml21/gclk.o
                0x0000074c                system_gclk_init
 .text.system_gclk_gen_set_config
                0x00000770       0xac src/ASF/sam0/drivers/system/clock/clock_saml21/gclk.o
                0x00000770                system_gclk_gen_set_config
 .text.system_gclk_gen_enable
                0x0000081c       0x40 src/ASF/sam0/drivers/system/clock/clock_saml21/gclk.o
                0x0000081c                system_gclk_gen_enable
 .text.system_gclk_gen_get_hz
                0x0000085c       0x6c src/ASF/sam0/drivers/system/clock/clock_saml21/gclk.o
                0x0000085c                system_gclk_gen_get_hz
 .text.system_gclk_chan_get_hz
                0x000008c8       0x30 src/ASF/sam0/drivers/system/clock/clock_saml21/gclk.o
                0x000008c8                system_gclk_chan_get_hz
 .text._system_pinmux_config
                0x000008f8       0xa8 src/ASF/sam0/drivers/system/pinmux/pinmux.o
 .text.system_pinmux_pin_set_config
                0x000009a0       0x30 src/ASF/sam0/drivers/system/pinmux/pinmux.o
                0x000009a0                system_pinmux_pin_set_config
 .text._system_dummy_init
                0x000009d0        0x4 src/ASF/sam0/drivers/system/system.o
                0x000009d0                _system_extint_init
                0x000009d0                _system_events_init
                0x000009d0                _system_dummy_init
                0x000009d0                _system_divas_init
 .text.system_init
                0x000009d4       0x2c src/ASF/sam0/drivers/system/system.o
                0x000009d4                system_init
 .text.Dummy_Handler
                0x00000a00        0x4 src/ASF/sam0/utils/cmsis/saml21/source/gcc/startup_saml21.o
                0x00000a00                DMAC_Handler
                0x00000a00                TRNG_Handler
                0x00000a00                HardFault_Handler
                0x00000a00                TC2_Handler
                0x00000a00                AC_Handler
                0x00000a00                SysTick_Handler
                0x00000a00                PendSV_Handler
                0x00000a00                NMI_Handler
                0x00000a00                SERCOM1_Handler
                0x00000a00                ADC_Handler
                0x00000a00                TCC1_Handler
                0x00000a00                SERCOM2_Handler
                0x00000a00                TCC0_Handler
                0x00000a00                RTC_Handler
                0x00000a00                EIC_Handler
                0x00000a00                WDT_Handler
                0x00000a00                TC4_Handler
                0x00000a00                TC1_Handler
                0x00000a00                USB_Handler
                0x00000a00                TC3_Handler
                0x00000a00                Dummy_Handler
                0x00000a00                SERCOM5_Handler
                0x00000a00                SVC_Handler
                0x00000a00                TCC2_Handler
                0x00000a00                EVSYS_Handler
                0x00000a00                SERCOM3_Handler
                0x00000a00                SERCOM4_Handler
                0x00000a00                NVMCTRL_Handler
                0x00000a00                SYSTEM_Handler
                0x00000a00                SERCOM0_Handler
                0x00000a00                DAC_Handler
                0x00000a00                PTC_Handler
                0x00000a00                TC0_Handler
                0x00000a00                AES_Handler
 .text.Reset_Handler
                0x00000a04       0xa8 src/ASF/sam0/utils/cmsis/saml21/source/gcc/startup_saml21.o
                0x00000a04                Reset_Handler
 .text.main     0x00000aac       0x14 src/main.o
                0x00000aac                main
 .text          0x00000ac0      0x114 c:/program files (x86)/atmel/studio/7.0/toolchain/arm/arm-gnu-toolchain/bin/../lib/gcc/arm-none-eabi/5.3.1/armv6-m\libgcc.a(_udivsi3.o)
                0x00000ac0                __aeabi_uidiv
                0x00000ac0                __udivsi3
                0x00000bcc                __aeabi_uidivmod
 .text          0x00000bd4        0x4 c:/program files (x86)/atmel/studio/7.0/toolchain/arm/arm-gnu-toolchain/bin/../lib/gcc/arm-none-eabi/5.3.1/armv6-m\libgcc.a(_dvmd_tls.o)
                0x00000bd4                __aeabi_idiv0
                0x00000bd4                __aeabi_ldiv0
 .text.__libc_init_array
                0x00000bd8       0x4c c:/program files (x86)/atmel/studio/7.0/toolchain/arm/arm-gnu-toolchain/bin/../lib/gcc/arm-none-eabi/5.3.1/../../../../arm-none-eabi/lib/armv6-m\libc_nano.a(lib_a-init.o)
                0x00000bd8                __libc_init_array
 *(.glue_7t)
 .glue_7t       0x00000c24        0x0 linker stubs
 *(.glue_7)
 .glue_7        0x00000c24        0x0 linker stubs
 *(.rodata .rodata* .gnu.linkonce.r.*)
 .rodata.system_clock_source_get_hz
                0x00000c24       0x24 src/ASF/sam0/drivers/system/clock/clock_saml21/clock.o
 .rodata.system_clock_source_enable
                0x00000c48       0x24 src/ASF/sam0/drivers/system/clock/clock_saml21/clock.o
 *(.ARM.extab* .gnu.linkonce.armextab.*)
                0x00000c6c                . = ALIGN (0x4)
 *(.init)
 .init          0x00000c6c        0x4 c:/program files (x86)/atmel/studio/7.0/toolchain/arm/arm-gnu-toolchain/bin/../lib/gcc/arm-none-eabi/5.3.1/armv6-m/crti.o
                0x00000c6c                _init
 .init          0x00000c70        0x8 c:/program files (x86)/atmel/studio/7.0/toolchain/arm/arm-gnu-toolchain/bin/../lib/gcc/arm-none-eabi/5.3.1/armv6-m/crtn.o
                0x00000c78                . = ALIGN (0x4)
                0x00000c78                __preinit_array_start = .
 *(.preinit_array)
                0x00000c78                __preinit_array_end = .
                0x00000c78                . = ALIGN (0x4)
                0x00000c78                __init_array_start = .
 *(SORT(.init_array.*))
 *(.init_array)
 .init_array    0x00000c78        0x4 c:/program files (x86)/atmel/studio/7.0/toolchain/arm/arm-gnu-toolchain/bin/../lib/gcc/arm-none-eabi/5.3.1/armv6-m/crtbegin.o
                0x00000c7c                __init_array_end = .
                0x00000c7c                . = ALIGN (0x4)
 *crtbegin.o(.ctors)
 *(EXCLUDE_FILE(*crtend.o) .ctors)
 *(SORT(.ctors.*))
 *crtend.o(.ctors)
                0x00000c7c                . = ALIGN (0x4)
 *(.fini)
 .fini          0x00000c7c        0x4 c:/program files (x86)/atmel/studio/7.0/toolchain/arm/arm-gnu-toolchain/bin/../lib/gcc/arm-none-eabi/5.3.1/armv6-m/crti.o
                0x00000c7c                _fini
 .fini          0x00000c80        0x8 c:/program files (x86)/atmel/studio/7.0/toolchain/arm/arm-gnu-toolchain/bin/../lib/gcc/arm-none-eabi/5.3.1/armv6-m/crtn.o
                0x00000c88                . = ALIGN (0x4)
                0x00000c88                __fini_array_start = .
 *(.fini_array)
 .fini_array    0x00000c88        0x4 c:/program files (x86)/atmel/studio/7.0/toolchain/arm/arm-gnu-toolchain/bin/../lib/gcc/arm-none-eabi/5.3.1/armv6-m/crtbegin.o
 *(SORT(.fini_array.*))
                0x00000c8c                __fini_array_end = .
 *crtbegin.o(.dtors)
 *(EXCLUDE_FILE(*crtend.o) .dtors)
 *(SORT(.dtors.*))
 *crtend.o(.dtors)
                0x00000c8c                . = ALIGN (0x4)
                0x00000c8c                _efixed = .
                [!provide]                PROVIDE (__exidx_start, .)

.vfp11_veneer   0x00000c8c        0x0
 .vfp11_veneer  0x00000c8c        0x0 linker stubs

.v4_bx          0x00000c8c        0x0
 .v4_bx         0x00000c8c        0x0 linker stubs

.iplt           0x00000c8c        0x0
 .iplt          0x00000c8c        0x0 c:/program files (x86)/atmel/studio/7.0/toolchain/arm/arm-gnu-toolchain/bin/../lib/gcc/arm-none-eabi/5.3.1/armv6-m/crtbegin.o

.eh_frame       0x00000c8c        0x0
 .eh_frame      0x00000c8c        0x0 c:/program files (x86)/atmel/studio/7.0/toolchain/arm/arm-gnu-toolchain/bin/../lib/gcc/arm-none-eabi/5.3.1/armv6-m/crtbegin.o

.rel.dyn        0x00000c8c        0x0
 .rel.iplt      0x00000c8c        0x0 c:/program files (x86)/atmel/studio/7.0/toolchain/arm/arm-gnu-toolchain/bin/../lib/gcc/arm-none-eabi/5.3.1/armv6-m/crtbegin.o

.jcr            0x00000c8c        0x0
 .jcr           0x00000c8c        0x0 c:/program files (x86)/atmel/studio/7.0/toolchain/arm/arm-gnu-toolchain/bin/../lib/gcc/arm-none-eabi/5.3.1/armv6-m/crtbegin.o

.igot.plt       0x00000c8c        0x0
 .igot.plt      0x00000c8c        0x0 c:/program files (x86)/atmel/studio/7.0/toolchain/arm/arm-gnu-toolchain/bin/../lib/gcc/arm-none-eabi/5.3.1/armv6-m/crtbegin.o

.ARM.exidx
 *(.ARM.exidx* .gnu.linkonce.armexidx.*)
                [!provide]                PROVIDE (__exidx_end, .)
                0x00000c8c                . = ALIGN (0x4)
                0x00000c8c                _etext = .

.relocate       0x20000000        0x8 load address 0x00000c8c
                0x20000000                . = ALIGN (0x4)
                0x20000000                _srelocate = .
 *(.ramfunc .ramfunc.*)
 *(.data .data.*)
 .data.gpio_input_up
                0x20000000        0x3 snowflake_init.o
 *fill*         0x20000003        0x1 
 .data.gpio_output
                0x20000004        0x3 snowflake_init.o
 .data.g_interrupt_enabled
                0x20000007        0x1 src/ASF/common/utils/interrupt/interrupt_sam_nvic.o
                0x20000007                g_interrupt_enabled
                0x20000008                . = ALIGN (0x4)
                0x20000008                _erelocate = .

.lpram          0x30000000        0x0
                0x30000000                . = ALIGN (0x8)
                0x30000000                _slpram = .
 *(.lpram .lpram.*)
                0x30000000                . = ALIGN (0x8)
                0x30000000                _elpram = .

.bss            0x20000008       0x40 load address 0x00000c94
                0x20000008                . = ALIGN (0x4)
                0x20000008                _sbss = .
                0x20000008                _szero = .
 *(.bss .bss.*)
 .bss           0x20000008       0x1c c:/program files (x86)/atmel/studio/7.0/toolchain/arm/arm-gnu-toolchain/bin/../lib/gcc/arm-none-eabi/5.3.1/armv6-m/crtbegin.o
 .bss.gpio_input
                0x20000024        0x3 snowflake_init.o
 *fill*         0x20000027        0x1 
 .bss.cpu_irq_critical_section_counter
                0x20000028        0x4 src/ASF/common/utils/interrupt/interrupt_sam_nvic.o
 .bss.cpu_irq_prev_interrupt_state
                0x2000002c        0x1 src/ASF/common/utils/interrupt/interrupt_sam_nvic.o
 *fill*         0x2000002d        0x3 
 .bss._system_clock_inst
                0x20000030       0x18 src/ASF/sam0/drivers/system/clock/clock_saml21/clock.o
 *(COMMON)
                0x20000048                . = ALIGN (0x4)
                0x20000048                _ebss = .
                0x20000048                _ezero = .

.stack          0x20000048     0x2000 load address 0x00000cd4
                0x20000048                . = ALIGN (0x8)
                0x20000048                _sstack = .
                0x20002048                . = (. + STACK_SIZE)
 *fill*         0x20000048     0x2000 
                0x20002048                . = ALIGN (0x8)
                0x20002048                _estack = .
                0x20002048                . = ALIGN (0x4)
                0x20002048                _end = .
OUTPUT(Snowflake_ASF.elf elf32-littlearm)

.ARM.attributes
                0x00000000       0x28
 .ARM.attributes
                0x00000000       0x1e c:/program files (x86)/atmel/studio/7.0/toolchain/arm/arm-gnu-toolchain/bin/../lib/gcc/arm-none-eabi/5.3.1/armv6-m/crti.o
 .ARM.attributes
                0x0000001e       0x2c c:/program files (x86)/atmel/studio/7.0/toolchain/arm/arm-gnu-toolchain/bin/../lib/gcc/arm-none-eabi/5.3.1/armv6-m/crtbegin.o
 .ARM.attributes
                0x0000004a       0x32 snowflake_init.o
 .ARM.attributes
                0x0000007c       0x32 src/ASF/common/utils/interrupt/interrupt_sam_nvic.o
 .ARM.attributes
                0x000000ae       0x32 src/ASF/sam0/boards/saml21_xplained_pro_b/board_init.o
 .ARM.attributes
                0x000000e0       0x32 src/ASF/sam0/drivers/port/port.o
 .ARM.attributes
                0x00000112       0x32 src/ASF/sam0/drivers/system/clock/clock_saml21/clock.o
 .ARM.attributes
                0x00000144       0x32 src/ASF/sam0/drivers/system/clock/clock_saml21/gclk.o
 .ARM.attributes
                0x00000176       0x32 src/ASF/sam0/drivers/system/pinmux/pinmux.o
 .ARM.attributes
                0x000001a8       0x32 src/ASF/sam0/drivers/system/system.o
 .ARM.attributes
                0x000001da       0x32 src/ASF/sam0/utils/cmsis/saml21/source/gcc/startup_saml21.o
 .ARM.attributes
                0x0000020c       0x32 src/main.o
 .ARM.attributes
                0x0000023e       0x1e c:/program files (x86)/atmel/studio/7.0/toolchain/arm/arm-gnu-toolchain/bin/../lib/gcc/arm-none-eabi/5.3.1/armv6-m\libgcc.a(_udivsi3.o)
 .ARM.attributes
                0x0000025c       0x1e c:/program files (x86)/atmel/studio/7.0/toolchain/arm/arm-gnu-toolchain/bin/../lib/gcc/arm-none-eabi/5.3.1/armv6-m\libgcc.a(_dvmd_tls.o)
 .ARM.attributes
                0x0000027a       0x2c c:/program files (x86)/atmel/studio/7.0/toolchain/arm/arm-gnu-toolchain/bin/../lib/gcc/arm-none-eabi/5.3.1/../../../../arm-none-eabi/lib/armv6-m\libc_nano.a(lib_a-init.o)
 .ARM.attributes
                0x000002a6       0x1e c:/program files (x86)/atmel/studio/7.0/toolchain/arm/arm-gnu-toolchain/bin/../lib/gcc/arm-none-eabi/5.3.1/armv6-m/crtn.o

.comment        0x00000000       0x59
 .comment       0x00000000       0x59 snowflake_init.o
                                 0x5a (size before relaxing)
 .comment       0x00000059       0x5a src/ASF/common/utils/interrupt/interrupt_sam_nvic.o
 .comment       0x00000059       0x5a src/ASF/sam0/boards/saml21_xplained_pro_b/board_init.o
 .comment       0x00000059       0x5a src/ASF/sam0/drivers/port/port.o
 .comment       0x00000059       0x5a src/ASF/sam0/drivers/system/clock/clock_saml21/clock.o
 .comment       0x00000059       0x5a src/ASF/sam0/drivers/system/clock/clock_saml21/gclk.o
 .comment       0x00000059       0x5a src/ASF/sam0/drivers/system/pinmux/pinmux.o
 .comment       0x00000059       0x5a src/ASF/sam0/drivers/system/system.o
 .comment       0x00000059       0x5a src/ASF/sam0/utils/cmsis/saml21/source/gcc/startup_saml21.o
 .comment       0x00000059       0x5a src/main.o

.debug_info     0x00000000     0x86d3
 .debug_info    0x00000000     0x11e6 snowflake_init.o
 .debug_info    0x000011e6      0x1ea src/ASF/common/utils/interrupt/interrupt_sam_nvic.o
 .debug_info    0x000013d0      0x12a src/ASF/sam0/boards/saml21_xplained_pro_b/board_init.o
 .debug_info    0x000014fa      0xa7d src/ASF/sam0/drivers/port/port.o
 .debug_info    0x00001f77     0x3a6d src/ASF/sam0/drivers/system/clock/clock_saml21/clock.o
 .debug_info    0x000059e4     0x1463 src/ASF/sam0/drivers/system/clock/clock_saml21/gclk.o
 .debug_info    0x00006e47      0xbde src/ASF/sam0/drivers/system/pinmux/pinmux.o
 .debug_info    0x00007a25      0x17c src/ASF/sam0/drivers/system/system.o
 .debug_info    0x00007ba1      0x9f3 src/ASF/sam0/utils/cmsis/saml21/source/gcc/startup_saml21.o
 .debug_info    0x00008594      0x13f src/main.o

.debug_abbrev   0x00000000     0x12d3
 .debug_abbrev  0x00000000      0x242 snowflake_init.o
 .debug_abbrev  0x00000242       0xf6 src/ASF/common/utils/interrupt/interrupt_sam_nvic.o
 .debug_abbrev  0x00000338       0x95 src/ASF/sam0/boards/saml21_xplained_pro_b/board_init.o
 .debug_abbrev  0x000003cd      0x1dc src/ASF/sam0/drivers/port/port.o
 .debug_abbrev  0x000005a9      0x3cf src/ASF/sam0/drivers/system/clock/clock_saml21/clock.o
 .debug_abbrev  0x00000978      0x362 src/ASF/sam0/drivers/system/clock/clock_saml21/gclk.o
 .debug_abbrev  0x00000cda      0x2d2 src/ASF/sam0/drivers/system/pinmux/pinmux.o
 .debug_abbrev  0x00000fac       0xbb src/ASF/sam0/drivers/system/system.o
 .debug_abbrev  0x00001067      0x1c7 src/ASF/sam0/utils/cmsis/saml21/source/gcc/startup_saml21.o
 .debug_abbrev  0x0000122e       0xa5 src/main.o

.debug_loc      0x00000000     0x1cbf
 .debug_loc     0x00000000      0x4cd snowflake_init.o
 .debug_loc     0x000004cd      0x13d src/ASF/sam0/drivers/port/port.o
 .debug_loc     0x0000060a      0xdd7 src/ASF/sam0/drivers/system/clock/clock_saml21/clock.o
 .debug_loc     0x000013e1      0x504 src/ASF/sam0/drivers/system/clock/clock_saml21/gclk.o
 .debug_loc     0x000018e5      0x37a src/ASF/sam0/drivers/system/pinmux/pinmux.o
 .debug_loc     0x00001c5f       0x20 src/ASF/sam0/drivers/system/system.o
 .debug_loc     0x00001c7f       0x20 src/ASF/sam0/utils/cmsis/saml21/source/gcc/startup_saml21.o
 .debug_loc     0x00001c9f       0x20 src/main.o

.debug_aranges  0x00000000      0x268
 .debug_aranges
                0x00000000       0x48 snowflake_init.o
 .debug_aranges
                0x00000048       0x28 src/ASF/common/utils/interrupt/interrupt_sam_nvic.o
 .debug_aranges
                0x00000070       0x20 src/ASF/sam0/boards/saml21_xplained_pro_b/board_init.o
 .debug_aranges
                0x00000090       0x28 src/ASF/sam0/drivers/port/port.o
 .debug_aranges
                0x000000b8       0x80 src/ASF/sam0/drivers/system/clock/clock_saml21/clock.o
 .debug_aranges
                0x00000138       0x80 src/ASF/sam0/drivers/system/clock/clock_saml21/gclk.o
 .debug_aranges
                0x000001b8       0x40 src/ASF/sam0/drivers/system/pinmux/pinmux.o
 .debug_aranges
                0x000001f8       0x28 src/ASF/sam0/drivers/system/system.o
 .debug_aranges
                0x00000220       0x28 src/ASF/sam0/utils/cmsis/saml21/source/gcc/startup_saml21.o
 .debug_aranges
                0x00000248       0x20 src/main.o

.debug_ranges   0x00000000      0x258
 .debug_ranges  0x00000000       0x38 snowflake_init.o
 .debug_ranges  0x00000038       0x18 src/ASF/common/utils/interrupt/interrupt_sam_nvic.o
 .debug_ranges  0x00000050       0x10 src/ASF/sam0/boards/saml21_xplained_pro_b/board_init.o
 .debug_ranges  0x00000060       0x18 src/ASF/sam0/drivers/port/port.o
 .debug_ranges  0x00000078       0x88 src/ASF/sam0/drivers/system/clock/clock_saml21/clock.o
 .debug_ranges  0x00000100       0xe8 src/ASF/sam0/drivers/system/clock/clock_saml21/gclk.o
 .debug_ranges  0x000001e8       0x30 src/ASF/sam0/drivers/system/pinmux/pinmux.o
 .debug_ranges  0x00000218       0x18 src/ASF/sam0/drivers/system/system.o
 .debug_ranges  0x00000230       0x18 src/ASF/sam0/utils/cmsis/saml21/source/gcc/startup_saml21.o
 .debug_ranges  0x00000248       0x10 src/main.o

.debug_macro    0x00000000    0x1a842
 .debug_macro   0x00000000      0x615 snowflake_init.o
 .debug_macro   0x00000615      0x838 snowflake_init.o
 .debug_macro   0x00000e4d      0x16d snowflake_init.o
 .debug_macro   0x00000fba      0x652 snowflake_init.o
 .debug_macro   0x0000160c       0x22 snowflake_init.o
 .debug_macro   0x0000162e       0x87 snowflake_init.o
 .debug_macro   0x000016b5       0x44 snowflake_init.o
 .debug_macro   0x000016f9       0xfd snowflake_init.o
 .debug_macro   0x000017f6       0x22 snowflake_init.o
 .debug_macro   0x00001818      0x1df snowflake_init.o
 .debug_macro   0x000019f7       0x10 snowflake_init.o
 .debug_macro   0x00001a07       0x76 snowflake_init.o
 .debug_macro   0x00001a7d       0x16 snowflake_init.o
 .debug_macro   0x00001a93      0x6e5 snowflake_init.o
 .debug_macro   0x00002178      0xde2 snowflake_init.o
 .debug_macro   0x00002f5a       0x22 snowflake_init.o
 .debug_macro   0x00002f7c       0x40 snowflake_init.o
 .debug_macro   0x00002fbc       0x3a snowflake_init.o
 .debug_macro   0x00002ff6       0x1f snowflake_init.o
 .debug_macro   0x00003015      0x250 snowflake_init.o
 .debug_macro   0x00003265      0x71a snowflake_init.o
 .debug_macro   0x0000397f      0x979 snowflake_init.o
 .debug_macro   0x000042f8      0x2b8 snowflake_init.o
 .debug_macro   0x000045b0      0x226 snowflake_init.o
 .debug_macro   0x000047d6      0x4dd snowflake_init.o
 .debug_macro   0x00004cb3      0xd24 snowflake_init.o
 .debug_macro   0x000059d7      0x5b8 snowflake_init.o
 .debug_macro   0x00005f8f      0x5c3 snowflake_init.o
 .debug_macro   0x00006552      0x832 snowflake_init.o
 .debug_macro   0x00006d84      0x297 snowflake_init.o
 .debug_macro   0x0000701b      0x5de snowflake_init.o
 .debug_macro   0x000075f9      0x225 snowflake_init.o
 .debug_macro   0x0000781e      0x7a3 snowflake_init.o
 .debug_macro   0x00007fc1      0x174 snowflake_init.o
 .debug_macro   0x00008135      0x719 snowflake_init.o
 .debug_macro   0x0000884e      0x293 snowflake_init.o
 .debug_macro   0x00008ae1      0x702 snowflake_init.o
 .debug_macro   0x000091e3      0x2e3 snowflake_init.o
 .debug_macro   0x000094c6      0x3cb snowflake_init.o
 .debug_macro   0x00009891      0x1ae snowflake_init.o
 .debug_macro   0x00009a3f     0x122b snowflake_init.o
 .debug_macro   0x0000ac6a      0xf4e snowflake_init.o
 .debug_macro   0x0000bbb8      0x873 snowflake_init.o
 .debug_macro   0x0000c42b      0xa39 snowflake_init.o
 .debug_macro   0x0000ce64      0x8bc snowflake_init.o
 .debug_macro   0x0000d720     0x19cc snowflake_init.o
 .debug_macro   0x0000f0ec       0xea snowflake_init.o
 .debug_macro   0x0000f1d6     0x13b0 snowflake_init.o
 .debug_macro   0x00010586      0x378 snowflake_init.o
 .debug_macro   0x000108fe       0x7c snowflake_init.o
 .debug_macro   0x0001097a       0xac snowflake_init.o
 .debug_macro   0x00010a26       0xca snowflake_init.o
 .debug_macro   0x00010af0       0x4c snowflake_init.o
 .debug_macro   0x00010b3c       0x94 snowflake_init.o
 .debug_macro   0x00010bd0       0xd6 snowflake_init.o
 .debug_macro   0x00010ca6       0xb2 snowflake_init.o
 .debug_macro   0x00010d58       0x64 snowflake_init.o
 .debug_macro   0x00010dbc      0x5d5 snowflake_init.o
 .debug_macro   0x00011391      0x1ab snowflake_init.o
 .debug_macro   0x0001153c       0x70 snowflake_init.o
 .debug_macro   0x000115ac       0xa0 snowflake_init.o
 .debug_macro   0x0001164c       0xc4 snowflake_init.o
 .debug_macro   0x00011710       0x28 snowflake_init.o
 .debug_macro   0x00011738       0xa0 snowflake_init.o
 .debug_macro   0x000117d8       0x40 snowflake_init.o
 .debug_macro   0x00011818       0x7c snowflake_init.o
 .debug_macro   0x00011894       0x40 snowflake_init.o
 .debug_macro   0x000118d4      0x178 snowflake_init.o
 .debug_macro   0x00011a4c       0x34 snowflake_init.o
 .debug_macro   0x00011a80       0xee snowflake_init.o
 .debug_macro   0x00011b6e      0x136 snowflake_init.o
 .debug_macro   0x00011ca4      0x136 snowflake_init.o
 .debug_macro   0x00011dda      0x136 snowflake_init.o
 .debug_macro   0x00011f10      0x136 snowflake_init.o
 .debug_macro   0x00012046      0x136 snowflake_init.o
 .debug_macro   0x0001217c      0x136 snowflake_init.o
 .debug_macro   0x000122b2       0x5e snowflake_init.o
 .debug_macro   0x00012310      0x1a6 snowflake_init.o
 .debug_macro   0x000124b6       0xfa snowflake_init.o
 .debug_macro   0x000125b0       0xfa snowflake_init.o
 .debug_macro   0x000126aa       0xfa snowflake_init.o
 .debug_macro   0x000127a4       0xfa snowflake_init.o
 .debug_macro   0x0001289e       0xfa snowflake_init.o
 .debug_macro   0x00012998      0x124 snowflake_init.o
 .debug_macro   0x00012abc       0xfa snowflake_init.o
 .debug_macro   0x00012bb6       0xee snowflake_init.o
 .debug_macro   0x00012ca4       0x2e snowflake_init.o
 .debug_macro   0x00012cd2      0x408 snowflake_init.o
 .debug_macro   0x000130da       0x3a snowflake_init.o
 .debug_macro   0x00013114      0x433 snowflake_init.o
 .debug_macro   0x00013547     0x2353 snowflake_init.o
 .debug_macro   0x0001589a       0x90 snowflake_init.o
 .debug_macro   0x0001592a       0x52 snowflake_init.o
 .debug_macro   0x0001597c       0x35 snowflake_init.o
 .debug_macro   0x000159b1       0x9c snowflake_init.o
 .debug_macro   0x00015a4d       0x16 snowflake_init.o
 .debug_macro   0x00015a63       0x35 snowflake_init.o
 .debug_macro   0x00015a98      0x330 snowflake_init.o
 .debug_macro   0x00015dc8       0x10 snowflake_init.o
 .debug_macro   0x00015dd8       0x52 snowflake_init.o
 .debug_macro   0x00015e2a       0x16 snowflake_init.o
 .debug_macro   0x00015e40       0x43 snowflake_init.o
 .debug_macro   0x00015e83      0x187 snowflake_init.o
 .debug_macro   0x0001600a       0x22 snowflake_init.o
 .debug_macro   0x0001602c       0x3a snowflake_init.o
 .debug_macro   0x00016066       0x10 snowflake_init.o
 .debug_macro   0x00016076       0x40 snowflake_init.o
 .debug_macro   0x000160b6       0x6c snowflake_init.o
 .debug_macro   0x00016122       0x16 snowflake_init.o
 .debug_macro   0x00016138      0x182 snowflake_init.o
 .debug_macro   0x000162ba       0x16 snowflake_init.o
 .debug_macro   0x000162d0       0x16 snowflake_init.o
 .debug_macro   0x000162e6       0x29 snowflake_init.o
 .debug_macro   0x0001630f       0x51 snowflake_init.o
 .debug_macro   0x00016360       0x3f snowflake_init.o
 .debug_macro   0x0001639f      0x3df snowflake_init.o
 .debug_macro   0x0001677e      0x2bf snowflake_init.o
 .debug_macro   0x00016a3d      0x917 snowflake_init.o
 .debug_macro   0x00017354       0x18 snowflake_init.o
 .debug_macro   0x0001736c       0x19 snowflake_init.o
 .debug_macro   0x00017385       0x2e snowflake_init.o
 .debug_macro   0x000173b3      0x13c snowflake_init.o
 .debug_macro   0x000174ef      0x55f src/ASF/common/utils/interrupt/interrupt_sam_nvic.o
 .debug_macro   0x00017a4e      0x59b src/ASF/sam0/boards/saml21_xplained_pro_b/board_init.o
 .debug_macro   0x00017fe9      0x579 src/ASF/sam0/drivers/port/port.o
 .debug_macro   0x00018562      0x5c7 src/ASF/sam0/drivers/system/clock/clock_saml21/clock.o
 .debug_macro   0x00018b29      0x29e src/ASF/sam0/drivers/system/clock/clock_saml21/clock.o
 .debug_macro   0x00018dc7      0x596 src/ASF/sam0/drivers/system/clock/clock_saml21/gclk.o
 .debug_macro   0x0001935d      0x56f src/ASF/sam0/drivers/system/pinmux/pinmux.o
 .debug_macro   0x000198cc       0x12 src/ASF/sam0/drivers/system/pinmux/pinmux.o
 .debug_macro   0x000198de      0x5a4 src/ASF/sam0/drivers/system/system.o
 .debug_macro   0x00019e82      0x371 src/ASF/sam0/utils/cmsis/saml21/source/gcc/startup_saml21.o
 .debug_macro   0x0001a1f3       0x3a src/ASF/sam0/utils/cmsis/saml21/source/gcc/startup_saml21.o
 .debug_macro   0x0001a22d      0x615 src/main.o

.debug_line     0x00000000     0x684a
 .debug_line    0x00000000      0xc44 snowflake_init.o
 .debug_line    0x00000c44      0x92d src/ASF/common/utils/interrupt/interrupt_sam_nvic.o
 .debug_line    0x00001571      0x9ba src/ASF/sam0/boards/saml21_xplained_pro_b/board_init.o
 .debug_line    0x00001f2b      0x959 src/ASF/sam0/drivers/port/port.o
 .debug_line    0x00002884      0xcf3 src/ASF/sam0/drivers/system/clock/clock_saml21/clock.o
 .debug_line    0x00003577      0xc7c src/ASF/sam0/drivers/system/clock/clock_saml21/gclk.o
 .debug_line    0x000041f3      0x998 src/ASF/sam0/drivers/system/pinmux/pinmux.o
 .debug_line    0x00004b8b      0xa3d src/ASF/sam0/drivers/system/system.o
 .debug_line    0x000055c8      0x6d5 src/ASF/sam0/utils/cmsis/saml21/source/gcc/startup_saml21.o
 .debug_line    0x00005c9d      0xbad src/main.o

.debug_str      0x00000000    0x97515
 .debug_str     0x00000000    0x9384c snowflake_init.o
                              0x93dbc (size before relaxing)
 .debug_str     0x0009384c       0x9b src/ASF/common/utils/interrupt/interrupt_sam_nvic.o
                              0x8fbd9 (size before relaxing)
 .debug_str     0x000938e7       0x4c src/ASF/sam0/boards/saml21_xplained_pro_b/board_init.o
                              0x93117 (size before relaxing)
 .debug_str     0x00093933       0x82 src/ASF/sam0/drivers/port/port.o
                              0x90041 (size before relaxing)
 .debug_str     0x000939b5     0x3276 src/ASF/sam0/drivers/system/clock/clock_saml21/clock.o
                              0x93183 (size before relaxing)
 .debug_str     0x00096c2b      0x331 src/ASF/sam0/drivers/system/clock/clock_saml21/gclk.o
                              0x9084f (size before relaxing)
 .debug_str     0x00096f5c      0x1b5 src/ASF/sam0/drivers/system/pinmux/pinmux.o
                              0x900d9 (size before relaxing)
 .debug_str     0x00097111       0x47 src/ASF/sam0/drivers/system/system.o
                              0x8fc69 (size before relaxing)
 .debug_str     0x00097158      0x3aa src/ASF/sam0/utils/cmsis/saml21/source/gcc/startup_saml21.o
                              0x7b712 (size before relaxing)
 .debug_str     0x00097502       0x13 src/main.o
                              0x93712 (size before relaxing)

.debug_frame    0x00000000      0x57c
 .debug_frame   0x00000000       0xac snowflake_init.o
 .debug_frame   0x000000ac       0x30 src/ASF/common/utils/interrupt/interrupt_sam_nvic.o
 .debug_frame   0x000000dc       0x20 src/ASF/sam0/boards/saml21_xplained_pro_b/board_init.o
 .debug_frame   0x000000fc       0x44 src/ASF/sam0/drivers/port/port.o
 .debug_frame   0x00000140      0x170 src/ASF/sam0/drivers/system/clock/clock_saml21/clock.o
 .debug_frame   0x000002b0      0x150 src/ASF/sam0/drivers/system/clock/clock_saml21/gclk.o
 .debug_frame   0x00000400       0x98 src/ASF/sam0/drivers/system/pinmux/pinmux.o
 .debug_frame   0x00000498       0x38 src/ASF/sam0/drivers/system/system.o
 .debug_frame   0x000004d0       0x38 src/ASF/sam0/utils/cmsis/saml21/source/gcc/startup_saml21.o
 .debug_frame   0x00000508       0x28 src/main.o
 .debug_frame   0x00000530       0x20 c:/program files (x86)/atmel/studio/7.0/toolchain/arm/arm-gnu-toolchain/bin/../lib/gcc/arm-none-eabi/5.3.1/armv6-m\libgcc.a(_udivsi3.o)
 .debug_frame   0x00000550       0x2c c:/program files (x86)/atmel/studio/7.0/toolchain/arm/arm-gnu-toolchain/bin/../lib/gcc/arm-none-eabi/5.3.1/../../../../arm-none-eabi/lib/armv6-m\libc_nano.a(lib_a-init.o)

Cross Reference Table

Symbol                                            File
AC_Handler                                        src/ASF/sam0/utils/cmsis/saml21/source/gcc/startup_saml21.o
ADC_Handler                                       src/ASF/sam0/utils/cmsis/saml21/source/gcc/startup_saml21.o
AES_Handler                                       src/ASF/sam0/utils/cmsis/saml21/source/gcc/startup_saml21.o
DAC_Handler                                       src/ASF/sam0/utils/cmsis/saml21/source/gcc/startup_saml21.o
DMAC_Handler                                      src/ASF/sam0/utils/cmsis/saml21/source/gcc/startup_saml21.o
Dummy_Handler                                     src/ASF/sam0/utils/cmsis/saml21/source/gcc/startup_saml21.o
EIC_Handler                                       src/ASF/sam0/utils/cmsis/saml21/source/gcc/startup_saml21.o
EVSYS_Handler                                     src/ASF/sam0/utils/cmsis/saml21/source/gcc/startup_saml21.o
HardFault_Handler                                 src/ASF/sam0/utils/cmsis/saml21/source/gcc/startup_saml21.o
NMI_Handler                                       src/ASF/sam0/utils/cmsis/saml21/source/gcc/startup_saml21.o
NVMCTRL_Handler                                   src/ASF/sam0/utils/cmsis/saml21/source/gcc/startup_saml21.o
PTC_Handler                                       src/ASF/sam0/utils/cmsis/saml21/source/gcc/startup_saml21.o
PendSV_Handler                                    src/ASF/sam0/utils/cmsis/saml21/source/gcc/startup_saml21.o
RTC_Handler                                       src/ASF/sam0/utils/cmsis/saml21/source/gcc/startup_saml21.o
Reset_Handler                                     src/ASF/sam0/utils/cmsis/saml21/source/gcc/startup_saml21.o
SERCOM0_Handler                                   src/ASF/sam0/utils/cmsis/saml21/source/gcc/startup_saml21.o
SERCOM1_Handler                                   src/ASF/sam0/utils/cmsis/saml21/source/gcc/startup_saml21.o
SERCOM2_Handler                                   src/ASF/sam0/utils/cmsis/saml21/source/gcc/startup_saml21.o
SERCOM3_Handler                                   src/ASF/sam0/utils/cmsis/saml21/source/gcc/startup_saml21.o
SERCOM4_Handler                                   src/ASF/sam0/utils/cmsis/saml21/source/gcc/startup_saml21.o
SERCOM5_Handler                                   src/ASF/sam0/utils/cmsis/saml21/source/gcc/startup_saml21.o
SVC_Handler                                       src/ASF/sam0/utils/cmsis/saml21/source/gcc/startup_saml21.o
SYSTEM_Handler                                    src/ASF/sam0/utils/cmsis/saml21/source/gcc/startup_saml21.o
SysTick_Handler                                   src/ASF/sam0/utils/cmsis/saml21/source/gcc/startup_saml21.o
SystemCoreClock                                   src/ASF/sam0/utils/cmsis/saml21/source/system_saml21.o
SystemCoreClockUpdate                             src/ASF/sam0/utils/cmsis/saml21/source/system_saml21.o
SystemInit                                        src/ASF/sam0/utils/cmsis/saml21/source/system_saml21.o
TC0_Handler                                       src/ASF/sam0/utils/cmsis/saml21/source/gcc/startup_saml21.o
TC1_Handler                                       src/ASF/sam0/utils/cmsis/saml21/source/gcc/startup_saml21.o
TC2_Handler                                       src/ASF/sam0/utils/cmsis/saml21/source/gcc/startup_saml21.o
TC3_Handler                                       src/ASF/sam0/utils/cmsis/saml21/source/gcc/startup_saml21.o
TC4_Handler                                       src/ASF/sam0/utils/cmsis/saml21/source/gcc/startup_saml21.o
TCC0_Handler                                      src/ASF/sam0/utils/cmsis/saml21/source/gcc/startup_saml21.o
TCC1_Handler                                      src/ASF/sam0/utils/cmsis/saml21/source/gcc/startup_saml21.o
TCC2_Handler                                      src/ASF/sam0/utils/cmsis/saml21/source/gcc/startup_saml21.o
TRNG_Handler                                      src/ASF/sam0/utils/cmsis/saml21/source/gcc/startup_saml21.o
USB_Handler                                       src/ASF/sam0/utils/cmsis/saml21/source/gcc/startup_saml21.o
WDT_Handler                                       src/ASF/sam0/utils/cmsis/saml21/source/gcc/startup_saml21.o
_Jv_RegisterClasses                               c:/program files (x86)/atmel/studio/7.0/toolchain/arm/arm-gnu-toolchain/bin/../lib/gcc/arm-none-eabi/5.3.1/armv6-m/crtbegin.o
__aeabi_idiv0                                     c:/program files (x86)/atmel/studio/7.0/toolchain/arm/arm-gnu-toolchain/bin/../lib/gcc/arm-none-eabi/5.3.1/armv6-m\libgcc.a(_dvmd_tls.o)
                                                  c:/program files (x86)/atmel/studio/7.0/toolchain/arm/arm-gnu-toolchain/bin/../lib/gcc/arm-none-eabi/5.3.1/armv6-m\libgcc.a(_udivsi3.o)
__aeabi_ldiv0                                     c:/program files (x86)/atmel/studio/7.0/toolchain/arm/arm-gnu-toolchain/bin/../lib/gcc/arm-none-eabi/5.3.1/armv6-m\libgcc.a(_dvmd_tls.o)
__aeabi_uidiv                                     c:/program files (x86)/atmel/studio/7.0/toolchain/arm/arm-gnu-toolchain/bin/../lib/gcc/arm-none-eabi/5.3.1/armv6-m\libgcc.a(_udivsi3.o)
                                                  src/ASF/sam0/drivers/system/clock/clock_saml21/gclk.o
                                                  src/ASF/sam0/drivers/system/clock/clock_saml21/clock.o
__aeabi_uidivmod                                  c:/program files (x86)/atmel/studio/7.0/toolchain/arm/arm-gnu-toolchain/bin/../lib/gcc/arm-none-eabi/5.3.1/armv6-m\libgcc.a(_udivsi3.o)
__bss_end__                                       c:/program files (x86)/atmel/studio/7.0/toolchain/arm/arm-gnu-toolchain/bin/../lib/gcc/arm-none-eabi/5.3.1/../../../../arm-none-eabi/lib/armv6-m/crt0.o
__bss_start__                                     c:/program files (x86)/atmel/studio/7.0/toolchain/arm/arm-gnu-toolchain/bin/../lib/gcc/arm-none-eabi/5.3.1/../../../../arm-none-eabi/lib/armv6-m/crt0.o
__call_exitprocs                                  c:/program files (x86)/atmel/studio/7.0/toolchain/arm/arm-gnu-toolchain/bin/../lib/gcc/arm-none-eabi/5.3.1/../../../../arm-none-eabi/lib/armv6-m\libc_nano.a(lib_a-exit.o)
__deregister_frame_info                           c:/program files (x86)/atmel/studio/7.0/toolchain/arm/arm-gnu-toolchain/bin/../lib/gcc/arm-none-eabi/5.3.1/armv6-m/crtbegin.o
__dso_handle                                      c:/program files (x86)/atmel/studio/7.0/toolchain/arm/arm-gnu-toolchain/bin/../lib/gcc/arm-none-eabi/5.3.1/armv6-m/crtbegin.o
__init_array_end                                  c:/program files (x86)/atmel/studio/7.0/toolchain/arm/arm-gnu-toolchain/bin/../lib/gcc/arm-none-eabi/5.3.1/../../../../arm-none-eabi/lib/armv6-m\libc_nano.a(lib_a-init.o)
__init_array_start                                c:/program files (x86)/atmel/studio/7.0/toolchain/arm/arm-gnu-toolchain/bin/../lib/gcc/arm-none-eabi/5.3.1/../../../../arm-none-eabi/lib/armv6-m\libc_nano.a(lib_a-init.o)
__libc_fini_array                                 c:/program files (x86)/atmel/studio/7.0/toolchain/arm/arm-gnu-toolchain/bin/../lib/gcc/arm-none-eabi/5.3.1/../../../../arm-none-eabi/lib/armv6-m/crt0.o
__libc_init_array                                 c:/program files (x86)/atmel/studio/7.0/toolchain/arm/arm-gnu-toolchain/bin/../lib/gcc/arm-none-eabi/5.3.1/../../../../arm-none-eabi/lib/armv6-m\libc_nano.a(lib_a-init.o)
                                                  src/ASF/sam0/utils/cmsis/saml21/source/gcc/startup_saml21.o
                                                  c:/program files (x86)/atmel/studio/7.0/toolchain/arm/arm-gnu-toolchain/bin/../lib/gcc/arm-none-eabi/5.3.1/../../../../arm-none-eabi/lib/armv6-m/crt0.o
__preinit_array_end                               c:/program files (x86)/atmel/studio/7.0/toolchain/arm/arm-gnu-toolchain/bin/../lib/gcc/arm-none-eabi/5.3.1/../../../../arm-none-eabi/lib/armv6-m\libc_nano.a(lib_a-init.o)
__preinit_array_start                             c:/program files (x86)/atmel/studio/7.0/toolchain/arm/arm-gnu-toolchain/bin/../lib/gcc/arm-none-eabi/5.3.1/../../../../arm-none-eabi/lib/armv6-m\libc_nano.a(lib_a-init.o)
__register_frame_info                             c:/program files (x86)/atmel/studio/7.0/toolchain/arm/arm-gnu-toolchain/bin/../lib/gcc/arm-none-eabi/5.3.1/armv6-m/crtbegin.o
__sf_fake_stderr                                  c:/program files (x86)/atmel/studio/7.0/toolchain/arm/arm-gnu-toolchain/bin/../lib/gcc/arm-none-eabi/5.3.1/../../../../arm-none-eabi/lib/armv6-m\libc_nano.a(lib_a-impure.o)
__sf_fake_stdin                                   c:/program files (x86)/atmel/studio/7.0/toolchain/arm/arm-gnu-toolchain/bin/../lib/gcc/arm-none-eabi/5.3.1/../../../../arm-none-eabi/lib/armv6-m\libc_nano.a(lib_a-impure.o)
__sf_fake_stdout                                  c:/program files (x86)/atmel/studio/7.0/toolchain/arm/arm-gnu-toolchain/bin/../lib/gcc/arm-none-eabi/5.3.1/../../../../arm-none-eabi/lib/armv6-m\libc_nano.a(lib_a-impure.o)
__stack                                           c:/program files (x86)/atmel/studio/7.0/toolchain/arm/arm-gnu-toolchain/bin/../lib/gcc/arm-none-eabi/5.3.1/../../../../arm-none-eabi/lib/armv6-m/crt0.o
__udivsi3                                         c:/program files (x86)/atmel/studio/7.0/toolchain/arm/arm-gnu-toolchain/bin/../lib/gcc/arm-none-eabi/5.3.1/armv6-m\libgcc.a(_udivsi3.o)
_close                                            src/ASF/sam0/utils/syscalls/gcc/syscalls.o
_end                                              src/ASF/sam0/utils/syscalls/gcc/syscalls.o
_erelocate                                        src/ASF/sam0/utils/cmsis/saml21/source/gcc/startup_saml21.o
_estack                                           src/ASF/sam0/utils/cmsis/saml21/source/gcc/startup_saml21.o
_etext                                            src/ASF/sam0/utils/cmsis/saml21/source/gcc/startup_saml21.o
_exit                                             src/ASF/sam0/utils/syscalls/gcc/syscalls.o
                                                  c:/program files (x86)/atmel/studio/7.0/toolchain/arm/arm-gnu-toolchain/bin/../lib/gcc/arm-none-eabi/5.3.1/../../../../arm-none-eabi/lib/armv6-m\libc_nano.a(lib_a-exit.o)
_ezero                                            src/ASF/sam0/utils/cmsis/saml21/source/gcc/startup_saml21.o
_fini                                             c:/program files (x86)/atmel/studio/7.0/toolchain/arm/arm-gnu-toolchain/bin/../lib/gcc/arm-none-eabi/5.3.1/armv6-m/crti.o
_fstat                                            src/ASF/sam0/utils/syscalls/gcc/syscalls.o
_getpid                                           src/ASF/sam0/utils/syscalls/gcc/syscalls.o
_global_impure_ptr                                c:/program files (x86)/atmel/studio/7.0/toolchain/arm/arm-gnu-toolchain/bin/../lib/gcc/arm-none-eabi/5.3.1/../../../../arm-none-eabi/lib/armv6-m\libc_nano.a(lib_a-impure.o)
                                                  c:/program files (x86)/atmel/studio/7.0/toolchain/arm/arm-gnu-toolchain/bin/../lib/gcc/arm-none-eabi/5.3.1/../../../../arm-none-eabi/lib/armv6-m\libc_nano.a(lib_a-exit.o)
_impure_ptr                                       c:/program files (x86)/atmel/studio/7.0/toolchain/arm/arm-gnu-toolchain/bin/../lib/gcc/arm-none-eabi/5.3.1/../../../../arm-none-eabi/lib/armv6-m\libc_nano.a(lib_a-impure.o)
_init                                             c:/program files (x86)/atmel/studio/7.0/toolchain/arm/arm-gnu-toolchain/bin/../lib/gcc/arm-none-eabi/5.3.1/armv6-m/crti.o
                                                  c:/program files (x86)/atmel/studio/7.0/toolchain/arm/arm-gnu-toolchain/bin/../lib/gcc/arm-none-eabi/5.3.1/../../../../arm-none-eabi/lib/armv6-m\libc_nano.a(lib_a-init.o)
_isatty                                           src/ASF/sam0/utils/syscalls/gcc/syscalls.o
_kill                                             src/ASF/sam0/utils/syscalls/gcc/syscalls.o
_lseek                                            src/ASF/sam0/utils/syscalls/gcc/syscalls.o
_mainCRTStartup                                   c:/program files (x86)/atmel/studio/7.0/toolchain/arm/arm-gnu-toolchain/bin/../lib/gcc/arm-none-eabi/5.3.1/../../../../arm-none-eabi/lib/armv6-m/crt0.o
_sbrk                                             src/ASF/sam0/utils/syscalls/gcc/syscalls.o
_sfixed                                           src/ASF/sam0/utils/cmsis/saml21/source/gcc/startup_saml21.o
_srelocate                                        src/ASF/sam0/utils/cmsis/saml21/source/gcc/startup_saml21.o
_start                                            c:/program files (x86)/atmel/studio/7.0/toolchain/arm/arm-gnu-toolchain/bin/../lib/gcc/arm-none-eabi/5.3.1/../../../../arm-none-eabi/lib/armv6-m/crt0.o
_system_divas_init                                src/ASF/sam0/drivers/system/system.o
_system_dummy_init                                src/ASF/sam0/drivers/system/system.o
_system_events_init                               src/ASF/sam0/drivers/system/system.o
_system_extint_init                               src/ASF/sam0/drivers/system/system.o
_szero                                            src/ASF/sam0/utils/cmsis/saml21/source/gcc/startup_saml21.o
atexit                                            c:/program files (x86)/atmel/studio/7.0/toolchain/arm/arm-gnu-toolchain/bin/../lib/gcc/arm-none-eabi/5.3.1/../../../../arm-none-eabi/lib/armv6-m/crt0.o
board_init                                        src/ASF/sam0/boards/saml21_xplained_pro_b/board_init.o
cpu_irq_enter_critical                            src/ASF/common/utils/interrupt/interrupt_sam_nvic.o
                                                  src/ASF/sam0/drivers/system/clock/clock_saml21/gclk.o
cpu_irq_leave_critical                            src/ASF/common/utils/interrupt/interrupt_sam_nvic.o
                                                  src/ASF/sam0/drivers/system/clock/clock_saml21/gclk.o
exception_table                                   src/ASF/sam0/utils/cmsis/saml21/source/gcc/startup_saml21.o
exit                                              c:/program files (x86)/atmel/studio/7.0/toolchain/arm/arm-gnu-toolchain/bin/../lib/gcc/arm-none-eabi/5.3.1/../../../../arm-none-eabi/lib/armv6-m\libc_nano.a(lib_a-exit.o)
                                                  c:/program files (x86)/atmel/studio/7.0/toolchain/arm/arm-gnu-toolchain/bin/../lib/gcc/arm-none-eabi/5.3.1/../../../../arm-none-eabi/lib/armv6-m/crt0.o
g_interrupt_enabled                               src/ASF/common/utils/interrupt/interrupt_sam_nvic.o
hardware_init_hook                                c:/program files (x86)/atmel/studio/7.0/toolchain/arm/arm-gnu-toolchain/bin/../lib/gcc/arm-none-eabi/5.3.1/../../../../arm-none-eabi/lib/armv6-m/crt0.o
link                                              src/ASF/sam0/utils/syscalls/gcc/syscalls.o
main                                              src/main.o
                                                  src/ASF/sam0/utils/cmsis/saml21/source/gcc/startup_saml21.o
                                                  c:/program files (x86)/atmel/studio/7.0/toolchain/arm/arm-gnu-toolchain/bin/../lib/gcc/arm-none-eabi/5.3.1/../../../../arm-none-eabi/lib/armv6-m/crt0.o
memset                                            c:/program files (x86)/atmel/studio/7.0/toolchain/arm/arm-gnu-toolchain/bin/../lib/gcc/arm-none-eabi/5.3.1/../../../../arm-none-eabi/lib/armv6-m\libc_nano.a(lib_a-memset.o)
                                                  c:/program files (x86)/atmel/studio/7.0/toolchain/arm/arm-gnu-toolchain/bin/../lib/gcc/arm-none-eabi/5.3.1/../../../../arm-none-eabi/lib/armv6-m/crt0.o
port_group_set_config                             src/ASF/sam0/drivers/port/port.o
port_pin_set_config                               src/ASF/sam0/drivers/port/port.o
                                                  snowflake_init.o
snowflake_amp_init                                snowflake_init.o
snowflake_flash_init                              snowflake_init.o
snowflake_init                                    snowflake_init.o
                                                  src/main.o
snowflake_led_init                                snowflake_init.o
snowflake_pb_init                                 snowflake_init.o
snowflake_usb_init                                snowflake_init.o
software_init_hook                                c:/program files (x86)/atmel/studio/7.0/toolchain/arm/arm-gnu-toolchain/bin/../lib/gcc/arm-none-eabi/5.3.1/../../../../arm-none-eabi/lib/armv6-m/crt0.o
system_board_init                                 src/ASF/sam0/boards/saml21_xplained_pro_b/board_init.o
system_clock_init                                 src/ASF/sam0/drivers/system/clock/clock_saml21/clock.o
system_clock_source_dfll_set_config               src/ASF/sam0/drivers/system/clock/clock_saml21/clock.o
system_clock_source_disable                       src/ASF/sam0/drivers/system/clock/clock_saml21/clock.o
system_clock_source_dpll_set_config               src/ASF/sam0/drivers/system/clock/clock_saml21/clock.o
system_clock_source_enable                        src/ASF/sam0/drivers/system/clock/clock_saml21/clock.o
system_clock_source_get_hz                        src/ASF/sam0/drivers/system/clock/clock_saml21/clock.o
                                                  src/ASF/sam0/drivers/system/clock/clock_saml21/gclk.o
system_clock_source_is_ready                      src/ASF/sam0/drivers/system/clock/clock_saml21/clock.o
system_clock_source_osc16m_set_config             src/ASF/sam0/drivers/system/clock/clock_saml21/clock.o
system_clock_source_osc32k_set_config             src/ASF/sam0/drivers/system/clock/clock_saml21/clock.o
system_clock_source_osculp32k_set_config          src/ASF/sam0/drivers/system/clock/clock_saml21/clock.o
system_clock_source_write_calibration             src/ASF/sam0/drivers/system/clock/clock_saml21/clock.o
system_clock_source_xosc32k_set_config            src/ASF/sam0/drivers/system/clock/clock_saml21/clock.o
system_clock_source_xosc_set_config               src/ASF/sam0/drivers/system/clock/clock_saml21/clock.o
system_gclk_chan_disable                          src/ASF/sam0/drivers/system/clock/clock_saml21/gclk.o
system_gclk_chan_enable                           src/ASF/sam0/drivers/system/clock/clock_saml21/gclk.o
system_gclk_chan_get_hz                           src/ASF/sam0/drivers/system/clock/clock_saml21/gclk.o
                                                  src/ASF/sam0/drivers/system/clock/clock_saml21/clock.o
system_gclk_chan_is_enabled                       src/ASF/sam0/drivers/system/clock/clock_saml21/gclk.o
system_gclk_chan_is_locked                        src/ASF/sam0/drivers/system/clock/clock_saml21/gclk.o
system_gclk_chan_lock                             src/ASF/sam0/drivers/system/clock/clock_saml21/gclk.o
system_gclk_chan_set_config                       src/ASF/sam0/drivers/system/clock/clock_saml21/gclk.o
system_gclk_gen_disable                           src/ASF/sam0/drivers/system/clock/clock_saml21/gclk.o
system_gclk_gen_enable                            src/ASF/sam0/drivers/system/clock/clock_saml21/gclk.o
                                                  src/ASF/sam0/drivers/system/clock/clock_saml21/clock.o
system_gclk_gen_get_hz                            src/ASF/sam0/drivers/system/clock/clock_saml21/gclk.o
                                                  src/ASF/sam0/drivers/system/clock/clock_saml21/clock.o
system_gclk_gen_is_enabled                        src/ASF/sam0/drivers/system/clock/clock_saml21/gclk.o
system_gclk_gen_set_config                        src/ASF/sam0/drivers/system/clock/clock_saml21/gclk.o
                                                  src/ASF/sam0/drivers/system/clock/clock_saml21/clock.o
system_gclk_init                                  src/ASF/sam0/drivers/system/clock/clock_saml21/gclk.o
                                                  src/ASF/sam0/drivers/system/clock/clock_saml21/clock.o
system_init                                       src/ASF/sam0/drivers/system/system.o
                                                  src/main.o
system_interrupt_clear_pending                    src/ASF/sam0/drivers/system/interrupt/system_interrupt.o
system_interrupt_get_priority                     src/ASF/sam0/drivers/system/interrupt/system_interrupt.o
system_interrupt_is_pending                       src/ASF/sam0/drivers/system/interrupt/system_interrupt.o
system_interrupt_set_pending                      src/ASF/sam0/drivers/system/interrupt/system_interrupt.o
system_interrupt_set_priority                     src/ASF/sam0/drivers/system/interrupt/system_interrupt.o
system_pinmux_group_set_config                    src/ASF/sam0/drivers/system/pinmux/pinmux.o
                                                  src/ASF/sam0/drivers/port/port.o
system_pinmux_group_set_input_sample_mode         src/ASF/sam0/drivers/system/pinmux/pinmux.o
system_pinmux_group_set_output_strength           src/ASF/sam0/drivers/system/pinmux/pinmux.o
system_pinmux_pin_set_config                      src/ASF/sam0/drivers/system/pinmux/pinmux.o
                                                  src/ASF/sam0/drivers/port/port.o
